******************************************************************************
             TMS320C2000 Linker PC v6.2.7                      
******************************************************************************
>> Linked Sat Aug 03 13:45:07 2019

OUTPUT FILE NAME:   <Example_F2802xSpi_FFDLB.out>
ENTRY POINT SYMBOL: "code_start"  address: 00000000


MEMORY CONFIGURATION

         name            origin    length      used     unused   attr    fill
----------------------  --------  ---------  --------  --------  ----  --------
PAGE 0:
  BEGIN                 00000000   00000002  00000002  00000000  RWIX
  RAMM0                 00000050   000003b0  000003b0  00000000  RWIX
  RAML0                 00008000   00000800  000000ec  00000714  RWIX
  IQTABLES              003fe000   00000b50  00000000  00000b50  RWIX
  IQTABLES2             003feb50   0000008c  00000000  0000008c  RWIX
  IQTABLES3             003febdc   000000aa  00000000  000000aa  RWIX
  BOOTROM               003ff27c   00000d44  00000000  00000d44  RWIX
  RESET                 003fffc0   00000002  00000000  00000002  RWIX

PAGE 1:
  BOOT_RSVD             00000002   0000004e  00000000  0000004e  RWIX
  RAMM1                 00000400   00000400  00000315  000000eb  RWIX
  DEV_EMU               00000880   00000105  00000000  00000105  RWIX
  SYS_PWR_CTL           00000985   00000003  00000000  00000003  RWIX
  FLASH_REGS            00000a80   00000060  00000000  00000060  RWIX
  CSM                   00000ae0   00000010  00000000  00000010  RWIX
  ADC_RESULT            00000b00   00000020  00000000  00000020  RWIX
  CPU_TIMER0            00000c00   00000008  00000000  00000008  RWIX
  CPU_TIMER1            00000c08   00000008  00000000  00000008  RWIX
  CPU_TIMER2            00000c10   00000008  00000000  00000008  RWIX
  PIE_CTRL              00000ce0   00000020  00000000  00000020  RWIX
  PIE_VECT              00000d00   00000100  00000000  00000100  RWIX
  COMP1                 00006400   00000020  00000000  00000020  RWIX
  COMP2                 00006420   00000020  00000000  00000020  RWIX
  EPWM1                 00006800   00000040  00000000  00000040  RWIX
  EPWM2                 00006840   00000040  00000000  00000040  RWIX
  EPWM3                 00006880   00000040  00000000  00000040  RWIX
  EPWM4                 000068c0   00000040  00000000  00000040  RWIX
  ECAP1                 00006a00   00000020  00000000  00000020  RWIX
  GPIOCTRL              00006f80   00000040  00000000  00000040  RWIX
  GPIODAT               00006fc0   00000020  00000000  00000020  RWIX
  GPIOINT               00006fe0   00000020  00000000  00000020  RWIX
  SYSTEM                00007010   00000020  00000000  00000020  RWIX
  SPIA                  00007040   00000010  00000000  00000010  RWIX
  SCIA                  00007050   00000010  00000000  00000010  RWIX
  NMIINTRUPT            00007060   00000010  00000000  00000010  RWIX
  XINTRUPT              00007070   00000010  00000000  00000010  RWIX
  ADC                   00007100   00000080  00000000  00000080  RWIX
  I2CA                  00007900   00000040  00000000  00000040  RWIX
  PARTID                003d7fff   00000001  00000000  00000001  RWIX
  CSM_PWL               003f7ff8   00000008  00000000  00000008  RWIX


SECTION ALLOCATION MAP

 output                                  attributes/
section   page    origin      length       input sections
--------  ----  ----------  ----------   ----------------
codestart 
*          0    00000000    00000002     
                  00000000    00000002     driverlib.lib : f2802xx_codestartbranch.obj (codestart)

.pinit     0    00000050    00000000     UNINITIALIZED

.cinit     0    00000050    00000016     
                  00000050    0000000a     rts2800_ml.lib : _lock.obj (.cinit)
                  0000005a    0000000a                    : exit.obj (.cinit)
                  00000064    00000002     --HOLE-- [fill = 0]

.text.1    0    00000066    0000039a     
                  00000066    00000161     Example_2802xSpi_FFDLB.obj (.text)
                  000001c7    00000048     driverlib.lib : gpio.obj (.text:_GPIO_setMode)
                  0000020f    00000044     rts2800_ml.lib : boot.obj (.text)
                  00000253    00000029     driverlib.lib : gpio.obj (.text:_GPIO_setPullUp)
                  0000027c    00000027                   : gpio.obj (.text:_GPIO_setQualification)
                  000002a3    00000019     rts2800_ml.lib : args_main.obj (.text)
                  000002bc    00000019                    : exit.obj (.text)
                  000002d5    00000015     driverlib.lib : pll.obj (.text:_PLL_setup)
                  000002ea    00000011                   : pie.obj (.text:_PIE_disableAllInts)
                  000002fb    00000011                   : pie.obj (.text:_PIE_setDebugIntVectorTable)
                  0000030c    0000000a                   : adc.obj (.text:_ADC_init)
                  00000316    0000000a                   : pie.obj (.text:_PIE_init)
                  00000320    0000000a                   : spi.obj (.text:_SPI_resetRxFifo)
                  0000032a    0000000a                   : spi.obj (.text:_SPI_resetTxFifo)
                  00000334    00000009     rts2800_ml.lib : _lock.obj (.text)
                  0000033d    00000008     driverlib.lib : clk.obj (.text:_CLK_init)
                  00000345    00000008                   : flash.obj (.text:_FLASH_init)
                  0000034d    00000008                   : gpio.obj (.text:_GPIO_init)
                  00000355    00000008                   : pll.obj (.text:_PLL_init)
                  0000035d    00000008                   : spi.obj (.text:_SPI_init)
                  00000365    00000008                   : wdog.obj (.text:_WDOG_disable)
                  0000036d    00000008                   : wdog.obj (.text:_WDOG_init)
                  00000375    00000008                   : f2802xx_codestartbranch.obj (.text)
                  0000037d    00000007                   : clk.obj (.text:_CLK_enableAdcClock)
                  00000384    00000007                   : clk.obj (.text:_CLK_enableSpiaClock)
                  0000038b    00000007                   : clk.obj (.text:_CLK_setOscSrc)
                  00000392    00000007                   : pll.obj (.text:_PLL_setDivider)
                  00000399    00000007                   : spi.obj (.text:_SPI_setPriority)
                  000003a0    00000007                   : spi.obj (.text:_SPI_setRxFifoIntLevel)
                  000003a7    00000006                   : pll.obj (.text:_PLL_setMultiplier)
                  000003ad    00000005                   : f2802xx_defaultisr.obj (.text:_ADCINT1_ISR)
                  000003b2    00000005                   : f2802xx_defaultisr.obj (.text:_ADCINT2_ISR)
                  000003b7    00000005                   : f2802xx_defaultisr.obj (.text:_ADCINT3_ISR)
                  000003bc    00000005                   : f2802xx_defaultisr.obj (.text:_ADCINT4_ISR)
                  000003c1    00000005                   : f2802xx_defaultisr.obj (.text:_ADCINT5_ISR)
                  000003c6    00000005                   : f2802xx_defaultisr.obj (.text:_ADCINT6_ISR)
                  000003cb    00000005                   : f2802xx_defaultisr.obj (.text:_ADCINT7_ISR)
                  000003d0    00000005                   : f2802xx_defaultisr.obj (.text:_ADCINT8_ISR)
                  000003d5    00000005                   : f2802xx_defaultisr.obj (.text:_ADCINT9_ISR)
                  000003da    00000005                   : f2802xx_defaultisr.obj (.text:_DATALOG_ISR)
                  000003df    00000005                   : f2802xx_defaultisr.obj (.text:_ECAP1_INT_ISR)
                  000003e4    00000005                   : f2802xx_defaultisr.obj (.text:_EMPTY_ISR)
                  000003e9    00000005                   : f2802xx_defaultisr.obj (.text:_EMUINT_ISR)
                  000003ee    00000005                   : f2802xx_defaultisr.obj (.text:_EPWM1_INT_ISR)
                  000003f3    00000005                   : f2802xx_defaultisr.obj (.text:_EPWM1_TZINT_ISR)
                  000003f8    00000005                   : f2802xx_defaultisr.obj (.text:_EPWM2_INT_ISR)
                  000003fd    00000003                   : cpu.obj (.text:_CPU_clearIntFlags)

.text.2    0    00008000    000000ec     
                  00008000    00000005     driverlib.lib : f2802xx_defaultisr.obj (.text:_EPWM2_TZINT_ISR)
                  00008005    00000005                   : f2802xx_defaultisr.obj (.text:_EPWM3_INT_ISR)
                  0000800a    00000005                   : f2802xx_defaultisr.obj (.text:_EPWM3_TZINT_ISR)
                  0000800f    00000005                   : f2802xx_defaultisr.obj (.text:_EPWM4_INT_ISR)
                  00008014    00000005                   : f2802xx_defaultisr.obj (.text:_EPWM4_TZINT_ISR)
                  00008019    00000005                   : f2802xx_defaultisr.obj (.text:_I2CINT1A_ISR)
                  0000801e    00000005                   : f2802xx_defaultisr.obj (.text:_I2CINT2A_ISR)
                  00008023    00000005                   : f2802xx_defaultisr.obj (.text:_ILLEGAL_ISR)
                  00008028    00000005                   : f2802xx_defaultisr.obj (.text:_INT13_ISR)
                  0000802d    00000005                   : f2802xx_defaultisr.obj (.text:_INT14_ISR)
                  00008032    00000005                   : f2802xx_defaultisr.obj (.text:_NMI_ISR)
                  00008037    00000005                   : f2802xx_defaultisr.obj (.text:_PIE_RESERVED)
                  0000803c    00000005                   : pie.obj (.text:_PIE_illegalIsr)
                  00008041    00000005                   : f2802xx_defaultisr.obj (.text:_RTOSINT_ISR)
                  00008046    00000005                   : f2802xx_defaultisr.obj (.text:_SCIRXINTA_ISR)
                  0000804b    00000005                   : f2802xx_defaultisr.obj (.text:_SCITXINTA_ISR)
                  00008050    00000005                   : f2802xx_defaultisr.obj (.text:_SPIRXINTA_ISR)
                  00008055    00000005                   : f2802xx_defaultisr.obj (.text:_SPITXINTA_ISR)
                  0000805a    00000005                   : f2802xx_defaultisr.obj (.text:_TINT0_ISR)
                  0000805f    00000005                   : f2802xx_defaultisr.obj (.text:_USER10_ISR)
                  00008064    00000005                   : f2802xx_defaultisr.obj (.text:_USER11_ISR)
                  00008069    00000005                   : f2802xx_defaultisr.obj (.text:_USER12_ISR)
                  0000806e    00000005                   : f2802xx_defaultisr.obj (.text:_USER1_ISR)
                  00008073    00000005                   : f2802xx_defaultisr.obj (.text:_USER2_ISR)
                  00008078    00000005                   : f2802xx_defaultisr.obj (.text:_USER3_ISR)
                  0000807d    00000005                   : f2802xx_defaultisr.obj (.text:_USER4_ISR)
                  00008082    00000005                   : f2802xx_defaultisr.obj (.text:_USER5_ISR)
                  00008087    00000005                   : f2802xx_defaultisr.obj (.text:_USER6_ISR)
                  0000808c    00000005                   : f2802xx_defaultisr.obj (.text:_USER7_ISR)
                  00008091    00000005                   : f2802xx_defaultisr.obj (.text:_USER8_ISR)
                  00008096    00000005                   : f2802xx_defaultisr.obj (.text:_USER9_ISR)
                  0000809b    00000005                   : f2802xx_defaultisr.obj (.text:_WAKEINT_ISR)
                  000080a0    00000005                   : f2802xx_defaultisr.obj (.text:_XINT1_ISR)
                  000080a5    00000005                   : f2802xx_defaultisr.obj (.text:_XINT2_ISR)
                  000080aa    00000005                   : f2802xx_defaultisr.obj (.text:_XINT3_ISR)
                  000080af    00000005                   : f2802xx_defaultisr.obj (.text:_rsvd_ISR)
                  000080b4    00000004                   : cpu.obj (.text:_CPU_init)
                  000080b8    00000004                   : spi.obj (.text:_SPI_clearRxFifoInt)
                  000080bc    00000004                   : spi.obj (.text:_SPI_clearTxFifoInt)
                  000080c0    00000004                   : spi.obj (.text:_SPI_enableChannels)
                  000080c4    00000004                   : spi.obj (.text:_SPI_enableFifoEnh)
                  000080c8    00000004                   : spi.obj (.text:_SPI_getRxFifoStatus)
                  000080cc    00000004                   : spi.obj (.text:_SPI_setCharLength)
                  000080d0    00000003                   : cpu.obj (.text:_CPU_disableGlobalInts)
                  000080d3    00000003                   : pie.obj (.text:_PIE_disable)
                  000080d6    00000003                   : pie.obj (.text:_PIE_enable)
                  000080d9    00000003                   : pll.obj (.text:_PLL_getClkStatus)
                  000080dc    00000003                   : pll.obj (.text:_PLL_getLockStatus)
                  000080df    00000003                   : spi.obj (.text:_SPI_enable)
                  000080e2    00000003                   : spi.obj (.text:_SPI_enableLoopBack)
                  000080e5    00000003                   : spi.obj (.text:_SPI_enableTx)
                  000080e8    00000002                   : spi.obj (.text:_SPI_setBaudRate)
                  000080ea    00000002                   : spi.obj (.text:_SPI_setMode)

.reset     0    003fffc0    00000002     DSECT
                  003fffc0    00000002     rts2800_ml.lib : boot.obj (.reset)

.stack     1    00000400    00000200     UNINITIALIZED
                  00000400    00000200     --HOLE--

.econst    1    00000600    00000100     
                  00000600    00000100     driverlib.lib : pie.obj (.econst:_PIE_tableDebugInit)

.ebss      1    00000700    00000015     UNINITIALIZED
                  00000700    0000000c     Example_2802xSpi_FFDLB.obj (.ebss)
                  0000070c    00000004     rts2800_ml.lib : _lock.obj (.ebss)
                  00000710    00000004                    : exit.obj (.ebss)
                  00000714    00000001     driverlib.lib : cpu.obj (.ebss)


GLOBAL DATA SYMBOLS: SORTED BY DATA PAGE

address     data page           name
--------    ----------------    ----
00000400      10 (00000400)     __stack

00000600      18 (00000600)     _PIE_tableDebugInit

00000700      1c (00000700)     _mySpi
00000702      1c (00000700)     _myFlash
00000704      1c (00000700)     _myGpio
00000706      1c (00000700)     _myPie
00000708      1c (00000700)     _myClk
0000070a      1c (00000700)     _myAdc
0000070c      1c (00000700)     __unlock
0000070e      1c (00000700)     __lock
00000710      1c (00000700)     ___TI_cleanup_ptr
00000712      1c (00000700)     ___TI_dtors_ptr
00000714      1c (00000700)     _cpu


GLOBAL SYMBOLS: SORTED ALPHABETICALLY BY Name 

address    name
--------   ----
ffffffff   .text
000002bc   C$$EXIT
000003ad   _ADCINT1_ISR
000003b2   _ADCINT2_ISR
000003b7   _ADCINT3_ISR
000003bc   _ADCINT4_ISR
000003c1   _ADCINT5_ISR
000003c6   _ADCINT6_ISR
000003cb   _ADCINT7_ISR
000003d0   _ADCINT8_ISR
000003d5   _ADCINT9_ISR
0000030c   _ADC_init
0000037d   _CLK_enableAdcClock
00000384   _CLK_enableSpiaClock
0000033d   _CLK_init
0000038b   _CLK_setOscSrc
000003fd   _CPU_clearIntFlags
000080d0   _CPU_disableGlobalInts
000080b4   _CPU_init
000003da   _DATALOG_ISR
000003df   _ECAP1_INT_ISR
000003e4   _EMPTY_ISR
000003e9   _EMUINT_ISR
000003ee   _EPWM1_INT_ISR
000003f3   _EPWM1_TZINT_ISR
000003f8   _EPWM2_INT_ISR
00008000   _EPWM2_TZINT_ISR
00008005   _EPWM3_INT_ISR
0000800a   _EPWM3_TZINT_ISR
0000800f   _EPWM4_INT_ISR
00008014   _EPWM4_TZINT_ISR
00000345   _FLASH_init
0000034d   _GPIO_init
000001c7   _GPIO_setMode
00000253   _GPIO_setPullUp
0000027c   _GPIO_setQualification
00008019   _I2CINT1A_ISR
0000801e   _I2CINT2A_ISR
00008023   _ILLEGAL_ISR
00008028   _INT13_ISR
0000802d   _INT14_ISR
00008032   _NMI_ISR
00008037   _PIE_RESERVED
000080d3   _PIE_disable
000002ea   _PIE_disableAllInts
000080d6   _PIE_enable
0000803c   _PIE_illegalIsr
00000316   _PIE_init
000002fb   _PIE_setDebugIntVectorTable
00000600   _PIE_tableDebugInit
000080d9   _PLL_getClkStatus
000080dc   _PLL_getLockStatus
00000355   _PLL_init
00000392   _PLL_setDivider
000003a7   _PLL_setMultiplier
000002d5   _PLL_setup
00008041   _RTOSINT_ISR
00008046   _SCIRXINTA_ISR
0000804b   _SCITXINTA_ISR
00008050   _SPIRXINTA_ISR
00008055   _SPITXINTA_ISR
000080b8   _SPI_clearRxFifoInt
000080bc   _SPI_clearTxFifoInt
000080df   _SPI_enable
000080c0   _SPI_enableChannels
000080c4   _SPI_enableFifoEnh
000080e2   _SPI_enableLoopBack
000080e5   _SPI_enableTx
000080c8   _SPI_getRxFifoStatus
0000035d   _SPI_init
00000320   _SPI_resetRxFifo
0000032a   _SPI_resetTxFifo
000080e8   _SPI_setBaudRate
000080cc   _SPI_setCharLength
000080ea   _SPI_setMode
00000399   _SPI_setPriority
000003a0   _SPI_setRxFifoIntLevel
0000805a   _TINT0_ISR
0000805f   _USER10_ISR
00008064   _USER11_ISR
00008069   _USER12_ISR
0000806e   _USER1_ISR
00008073   _USER2_ISR
00008078   _USER3_ISR
0000807d   _USER4_ISR
00008082   _USER5_ISR
00008087   _USER6_ISR
0000808c   _USER7_ISR
00008091   _USER8_ISR
00008096   _USER9_ISR
0000809b   _WAKEINT_ISR
00000365   _WDOG_disable
0000036d   _WDOG_init
000080a0   _XINT1_ISR
000080a5   _XINT2_ISR
000080aa   _XINT3_ISR
00000600   __STACK_END
00000200   __STACK_SIZE
00000001   __TI_args_main
00000710   ___TI_cleanup_ptr
00000712   ___TI_dtors_ptr
ffffffff   ___binit__
ffffffff   ___c_args__
00000050   ___cinit__
ffffffff   ___etext__
ffffffff   ___pinit__
ffffffff   ___text__
000002a3   __args_main
0000070e   __lock
0000033c   __nop
00000338   __register_lock
00000334   __register_unlock
00000400   __stack
0000070c   __unlock
000002bc   _abort
0000020f   _c_int00
00000714   _cpu
00000163   _delay_loop
00000173   _error
000002be   _exit
0000007a   _main
0000070a   _myAdc
00000708   _myClk
00000702   _myFlash
00000704   _myGpio
00000706   _myPie
00000700   _mySpi
000080af   _rsvd_ISR
000001a2   _spi_fifo_init
00000175   _spi_init
ffffffff   binit
00000050   cinit
00000000   code_start
ffffffff   etext
ffffffff   pinit


GLOBAL SYMBOLS: SORTED BY Symbol Address 

address    name
--------   ----
00000000   code_start
00000001   __TI_args_main
00000050   ___cinit__
00000050   cinit
0000007a   _main
00000163   _delay_loop
00000173   _error
00000175   _spi_init
000001a2   _spi_fifo_init
000001c7   _GPIO_setMode
00000200   __STACK_SIZE
0000020f   _c_int00
00000253   _GPIO_setPullUp
0000027c   _GPIO_setQualification
000002a3   __args_main
000002bc   C$$EXIT
000002bc   _abort
000002be   _exit
000002d5   _PLL_setup
000002ea   _PIE_disableAllInts
000002fb   _PIE_setDebugIntVectorTable
0000030c   _ADC_init
00000316   _PIE_init
00000320   _SPI_resetRxFifo
0000032a   _SPI_resetTxFifo
00000334   __register_unlock
00000338   __register_lock
0000033c   __nop
0000033d   _CLK_init
00000345   _FLASH_init
0000034d   _GPIO_init
00000355   _PLL_init
0000035d   _SPI_init
00000365   _WDOG_disable
0000036d   _WDOG_init
0000037d   _CLK_enableAdcClock
00000384   _CLK_enableSpiaClock
0000038b   _CLK_setOscSrc
00000392   _PLL_setDivider
00000399   _SPI_setPriority
000003a0   _SPI_setRxFifoIntLevel
000003a7   _PLL_setMultiplier
000003ad   _ADCINT1_ISR
000003b2   _ADCINT2_ISR
000003b7   _ADCINT3_ISR
000003bc   _ADCINT4_ISR
000003c1   _ADCINT5_ISR
000003c6   _ADCINT6_ISR
000003cb   _ADCINT7_ISR
000003d0   _ADCINT8_ISR
000003d5   _ADCINT9_ISR
000003da   _DATALOG_ISR
000003df   _ECAP1_INT_ISR
000003e4   _EMPTY_ISR
000003e9   _EMUINT_ISR
000003ee   _EPWM1_INT_ISR
000003f3   _EPWM1_TZINT_ISR
000003f8   _EPWM2_INT_ISR
000003fd   _CPU_clearIntFlags
00000400   __stack
00000600   _PIE_tableDebugInit
00000600   __STACK_END
00000700   _mySpi
00000702   _myFlash
00000704   _myGpio
00000706   _myPie
00000708   _myClk
0000070a   _myAdc
0000070c   __unlock
0000070e   __lock
00000710   ___TI_cleanup_ptr
00000712   ___TI_dtors_ptr
00000714   _cpu
00008000   _EPWM2_TZINT_ISR
00008005   _EPWM3_INT_ISR
0000800a   _EPWM3_TZINT_ISR
0000800f   _EPWM4_INT_ISR
00008014   _EPWM4_TZINT_ISR
00008019   _I2CINT1A_ISR
0000801e   _I2CINT2A_ISR
00008023   _ILLEGAL_ISR
00008028   _INT13_ISR
0000802d   _INT14_ISR
00008032   _NMI_ISR
00008037   _PIE_RESERVED
0000803c   _PIE_illegalIsr
00008041   _RTOSINT_ISR
00008046   _SCIRXINTA_ISR
0000804b   _SCITXINTA_ISR
00008050   _SPIRXINTA_ISR
00008055   _SPITXINTA_ISR
0000805a   _TINT0_ISR
0000805f   _USER10_ISR
00008064   _USER11_ISR
00008069   _USER12_ISR
0000806e   _USER1_ISR
00008073   _USER2_ISR
00008078   _USER3_ISR
0000807d   _USER4_ISR
00008082   _USER5_ISR
00008087   _USER6_ISR
0000808c   _USER7_ISR
00008091   _USER8_ISR
00008096   _USER9_ISR
0000809b   _WAKEINT_ISR
000080a0   _XINT1_ISR
000080a5   _XINT2_ISR
000080aa   _XINT3_ISR
000080af   _rsvd_ISR
000080b4   _CPU_init
000080b8   _SPI_clearRxFifoInt
000080bc   _SPI_clearTxFifoInt
000080c0   _SPI_enableChannels
000080c4   _SPI_enableFifoEnh
000080c8   _SPI_getRxFifoStatus
000080cc   _SPI_setCharLength
000080d0   _CPU_disableGlobalInts
000080d3   _PIE_disable
000080d6   _PIE_enable
000080d9   _PLL_getClkStatus
000080dc   _PLL_getLockStatus
000080df   _SPI_enable
000080e2   _SPI_enableLoopBack
000080e5   _SPI_enableTx
000080e8   _SPI_setBaudRate
000080ea   _SPI_setMode
ffffffff   .text
ffffffff   ___binit__
ffffffff   ___c_args__
ffffffff   ___etext__
ffffffff   ___pinit__
ffffffff   ___text__
ffffffff   binit
ffffffff   etext
ffffffff   pinit

[135 symbols]
