<?xml version="1.0"?>
<link_info>
   <banner>TMS320C2000 Linker PC v6.2.7</banner>
   <copyright>Copyright (c) 1996-2014 Texas Instruments Incorporated</copyright>
   <link_time>0x5d451f63</link_time>
   <link_errors>0x0</link_errors>
   <output_file>Example_F2802xSpi_FFDLB.out</output_file>
   <entry_point>
      <name>code_start</name>
      <address>0x0</address>
   </entry_point>
   <input_file_list>
      <input_file id="fl-2">
         <path>.\</path>
         <kind>object</kind>
         <file>Example_2802xSpi_FFDLB.obj</file>
         <name>Example_2802xSpi_FFDLB.obj</name>
      </input_file>
      <input_file id="fl-9">
         <path>C:\ti\controlSUITE\device_support\f2802x\v230\f2802x_common\lib\</path>
         <kind>archive</kind>
         <file>driverlib.lib</file>
         <name>adc.obj</name>
      </input_file>
      <input_file id="fl-a">
         <path>C:\ti\controlSUITE\device_support\f2802x\v230\f2802x_common\lib\</path>
         <kind>archive</kind>
         <file>driverlib.lib</file>
         <name>clk.obj</name>
      </input_file>
      <input_file id="fl-b">
         <path>C:\ti\controlSUITE\device_support\f2802x\v230\f2802x_common\lib\</path>
         <kind>archive</kind>
         <file>driverlib.lib</file>
         <name>cpu.obj</name>
      </input_file>
      <input_file id="fl-c">
         <path>C:\ti\controlSUITE\device_support\f2802x\v230\f2802x_common\lib\</path>
         <kind>archive</kind>
         <file>driverlib.lib</file>
         <name>f2802xx_codestartbranch.obj</name>
      </input_file>
      <input_file id="fl-d">
         <path>C:\ti\controlSUITE\device_support\f2802x\v230\f2802x_common\lib\</path>
         <kind>archive</kind>
         <file>driverlib.lib</file>
         <name>flash.obj</name>
      </input_file>
      <input_file id="fl-e">
         <path>C:\ti\controlSUITE\device_support\f2802x\v230\f2802x_common\lib\</path>
         <kind>archive</kind>
         <file>driverlib.lib</file>
         <name>gpio.obj</name>
      </input_file>
      <input_file id="fl-f">
         <path>C:\ti\controlSUITE\device_support\f2802x\v230\f2802x_common\lib\</path>
         <kind>archive</kind>
         <file>driverlib.lib</file>
         <name>pie.obj</name>
      </input_file>
      <input_file id="fl-10">
         <path>C:\ti\controlSUITE\device_support\f2802x\v230\f2802x_common\lib\</path>
         <kind>archive</kind>
         <file>driverlib.lib</file>
         <name>pll.obj</name>
      </input_file>
      <input_file id="fl-11">
         <path>C:\ti\controlSUITE\device_support\f2802x\v230\f2802x_common\lib\</path>
         <kind>archive</kind>
         <file>driverlib.lib</file>
         <name>spi.obj</name>
      </input_file>
      <input_file id="fl-12">
         <path>C:\ti\controlSUITE\device_support\f2802x\v230\f2802x_common\lib\</path>
         <kind>archive</kind>
         <file>driverlib.lib</file>
         <name>wdog.obj</name>
      </input_file>
      <input_file id="fl-13">
         <path>C:\ti\controlSUITE\device_support\f2802x\v230\f2802x_common\lib\</path>
         <kind>archive</kind>
         <file>driverlib.lib</file>
         <name>f2802xx_defaultisr.obj</name>
      </input_file>
      <input_file id="fl-14">
         <path>c:\ti\ccsv6\tools\compiler\c2000_6.2.7\lib\</path>
         <kind>archive</kind>
         <file>rts2800_ml.lib</file>
         <name>boot.obj</name>
      </input_file>
      <input_file id="fl-15">
         <path>c:\ti\ccsv6\tools\compiler\c2000_6.2.7\lib\</path>
         <kind>archive</kind>
         <file>rts2800_ml.lib</file>
         <name>exit.obj</name>
      </input_file>
      <input_file id="fl-16">
         <path>c:\ti\ccsv6\tools\compiler\c2000_6.2.7\lib\</path>
         <kind>archive</kind>
         <file>rts2800_ml.lib</file>
         <name>_lock.obj</name>
      </input_file>
      <input_file id="fl-17">
         <path>c:\ti\ccsv6\tools\compiler\c2000_6.2.7\lib\</path>
         <kind>archive</kind>
         <file>rts2800_ml.lib</file>
         <name>args_main.obj</name>
      </input_file>
   </input_file_list>
   <object_component_list>
      <object_component id="oc-32">
         <name>codestart</name>
         <load_address>0x0</load_address>
         <run_address>0x0</run_address>
         <size>0x2</size>
         <input_file_ref idref="fl-c"/>
      </object_component>
      <object_component id="oc-bd">
         <name>.text</name>
         <load_address>0x66</load_address>
         <run_address>0x66</run_address>
         <size>0x161</size>
         <input_file_ref idref="fl-2"/>
      </object_component>
      <object_component id="oc-d1">
         <name>.text:_GPIO_setMode</name>
         <load_address>0x1c7</load_address>
         <run_address>0x1c7</run_address>
         <size>0x48</size>
         <input_file_ref idref="fl-e"/>
      </object_component>
      <object_component id="oc-a4">
         <name>.text</name>
         <load_address>0x20f</load_address>
         <run_address>0x20f</run_address>
         <size>0x44</size>
         <input_file_ref idref="fl-14"/>
      </object_component>
      <object_component id="oc-cf">
         <name>.text:_GPIO_setPullUp</name>
         <load_address>0x253</load_address>
         <run_address>0x253</run_address>
         <size>0x29</size>
         <input_file_ref idref="fl-e"/>
      </object_component>
      <object_component id="oc-d0">
         <name>.text:_GPIO_setQualification</name>
         <load_address>0x27c</load_address>
         <run_address>0x27c</run_address>
         <size>0x27</size>
         <input_file_ref idref="fl-e"/>
      </object_component>
      <object_component id="oc-ba">
         <name>.text</name>
         <load_address>0x2a3</load_address>
         <run_address>0x2a3</run_address>
         <size>0x19</size>
         <input_file_ref idref="fl-17"/>
      </object_component>
      <object_component id="oc-bb">
         <name>.text</name>
         <load_address>0x2bc</load_address>
         <run_address>0x2bc</run_address>
         <size>0x19</size>
         <input_file_ref idref="fl-15"/>
      </object_component>
      <object_component id="oc-ca">
         <name>.text:_PLL_setup</name>
         <load_address>0x2d5</load_address>
         <run_address>0x2d5</run_address>
         <size>0x15</size>
         <input_file_ref idref="fl-10"/>
      </object_component>
      <object_component id="oc-cc">
         <name>.text:_PIE_disableAllInts</name>
         <load_address>0x2ea</load_address>
         <run_address>0x2ea</run_address>
         <size>0x11</size>
         <input_file_ref idref="fl-f"/>
      </object_component>
      <object_component id="oc-d2">
         <name>.text:_PIE_setDebugIntVectorTable</name>
         <load_address>0x2fb</load_address>
         <run_address>0x2fb</run_address>
         <size>0x11</size>
         <input_file_ref idref="fl-f"/>
      </object_component>
      <object_component id="oc-be">
         <name>.text:_ADC_init</name>
         <load_address>0x30c</load_address>
         <run_address>0x30c</run_address>
         <size>0xa</size>
         <input_file_ref idref="fl-9"/>
      </object_component>
      <object_component id="oc-c3">
         <name>.text:_PIE_init</name>
         <load_address>0x316</load_address>
         <run_address>0x316</run_address>
         <size>0xa</size>
         <input_file_ref idref="fl-f"/>
      </object_component>
      <object_component id="oc-e1">
         <name>.text:_SPI_resetRxFifo</name>
         <load_address>0x320</load_address>
         <run_address>0x320</run_address>
         <size>0xa</size>
         <input_file_ref idref="fl-11"/>
      </object_component>
      <object_component id="oc-df">
         <name>.text:_SPI_resetTxFifo</name>
         <load_address>0x32a</load_address>
         <run_address>0x32a</run_address>
         <size>0xa</size>
         <input_file_ref idref="fl-11"/>
      </object_component>
      <object_component id="oc-bc">
         <name>.text</name>
         <load_address>0x334</load_address>
         <run_address>0x334</run_address>
         <size>0x9</size>
         <input_file_ref idref="fl-16"/>
      </object_component>
      <object_component id="oc-bf">
         <name>.text:_CLK_init</name>
         <load_address>0x33d</load_address>
         <run_address>0x33d</run_address>
         <size>0x8</size>
         <input_file_ref idref="fl-a"/>
      </object_component>
      <object_component id="oc-c1">
         <name>.text:_FLASH_init</name>
         <load_address>0x345</load_address>
         <run_address>0x345</run_address>
         <size>0x8</size>
         <input_file_ref idref="fl-d"/>
      </object_component>
      <object_component id="oc-c2">
         <name>.text:_GPIO_init</name>
         <load_address>0x34d</load_address>
         <run_address>0x34d</run_address>
         <size>0x8</size>
         <input_file_ref idref="fl-e"/>
      </object_component>
      <object_component id="oc-c4">
         <name>.text:_PLL_init</name>
         <load_address>0x355</load_address>
         <run_address>0x355</run_address>
         <size>0x8</size>
         <input_file_ref idref="fl-10"/>
      </object_component>
      <object_component id="oc-c5">
         <name>.text:_SPI_init</name>
         <load_address>0x35d</load_address>
         <run_address>0x35d</run_address>
         <size>0x8</size>
         <input_file_ref idref="fl-11"/>
      </object_component>
      <object_component id="oc-c7">
         <name>.text:_WDOG_disable</name>
         <load_address>0x365</load_address>
         <run_address>0x365</run_address>
         <size>0x8</size>
         <input_file_ref idref="fl-12"/>
      </object_component>
      <object_component id="oc-c6">
         <name>.text:_WDOG_init</name>
         <load_address>0x36d</load_address>
         <run_address>0x36d</run_address>
         <size>0x8</size>
         <input_file_ref idref="fl-12"/>
      </object_component>
      <object_component id="oc-48">
         <name>.text</name>
         <load_address>0x375</load_address>
         <run_address>0x375</run_address>
         <size>0x8</size>
         <input_file_ref idref="fl-c"/>
      </object_component>
      <object_component id="oc-c8">
         <name>.text:_CLK_enableAdcClock</name>
         <load_address>0x37d</load_address>
         <run_address>0x37d</run_address>
         <size>0x7</size>
         <input_file_ref idref="fl-a"/>
      </object_component>
      <object_component id="oc-d5">
         <name>.text:_CLK_enableSpiaClock</name>
         <load_address>0x384</load_address>
         <run_address>0x384</run_address>
         <size>0x7</size>
         <input_file_ref idref="fl-a"/>
      </object_component>
      <object_component id="oc-c9">
         <name>.text:_CLK_setOscSrc</name>
         <load_address>0x38b</load_address>
         <run_address>0x38b</run_address>
         <size>0x7</size>
         <input_file_ref idref="fl-a"/>
      </object_component>
      <object_component id="oc-e5">
         <name>.text:_PLL_setDivider</name>
         <load_address>0x392</load_address>
         <run_address>0x392</run_address>
         <size>0x7</size>
         <input_file_ref idref="fl-10"/>
      </object_component>
      <object_component id="oc-dc">
         <name>.text:_SPI_setPriority</name>
         <load_address>0x399</load_address>
         <run_address>0x399</run_address>
         <size>0x7</size>
         <input_file_ref idref="fl-11"/>
      </object_component>
      <object_component id="oc-e3">
         <name>.text:_SPI_setRxFifoIntLevel</name>
         <load_address>0x3a0</load_address>
         <run_address>0x3a0</run_address>
         <size>0x7</size>
         <input_file_ref idref="fl-11"/>
      </object_component>
      <object_component id="oc-e6">
         <name>.text:_PLL_setMultiplier</name>
         <load_address>0x3a7</load_address>
         <run_address>0x3a7</run_address>
         <size>0x6</size>
         <input_file_ref idref="fl-10"/>
      </object_component>
      <object_component id="oc-80">
         <name>.text:_ADCINT1_ISR</name>
         <load_address>0x3ad</load_address>
         <run_address>0x3ad</run_address>
         <size>0x5</size>
         <input_file_ref idref="fl-13"/>
      </object_component>
      <object_component id="oc-81">
         <name>.text:_ADCINT2_ISR</name>
         <load_address>0x3b2</load_address>
         <run_address>0x3b2</run_address>
         <size>0x5</size>
         <input_file_ref idref="fl-13"/>
      </object_component>
      <object_component id="oc-96">
         <name>.text:_ADCINT3_ISR</name>
         <load_address>0x3b7</load_address>
         <run_address>0x3b7</run_address>
         <size>0x5</size>
         <input_file_ref idref="fl-13"/>
      </object_component>
      <object_component id="oc-97">
         <name>.text:_ADCINT4_ISR</name>
         <load_address>0x3bc</load_address>
         <run_address>0x3bc</run_address>
         <size>0x5</size>
         <input_file_ref idref="fl-13"/>
      </object_component>
      <object_component id="oc-98">
         <name>.text:_ADCINT5_ISR</name>
         <load_address>0x3c1</load_address>
         <run_address>0x3c1</run_address>
         <size>0x5</size>
         <input_file_ref idref="fl-13"/>
      </object_component>
      <object_component id="oc-99">
         <name>.text:_ADCINT6_ISR</name>
         <load_address>0x3c6</load_address>
         <run_address>0x3c6</run_address>
         <size>0x5</size>
         <input_file_ref idref="fl-13"/>
      </object_component>
      <object_component id="oc-9a">
         <name>.text:_ADCINT7_ISR</name>
         <load_address>0x3cb</load_address>
         <run_address>0x3cb</run_address>
         <size>0x5</size>
         <input_file_ref idref="fl-13"/>
      </object_component>
      <object_component id="oc-9b">
         <name>.text:_ADCINT8_ISR</name>
         <load_address>0x3d0</load_address>
         <run_address>0x3d0</run_address>
         <size>0x5</size>
         <input_file_ref idref="fl-13"/>
      </object_component>
      <object_component id="oc-84">
         <name>.text:_ADCINT9_ISR</name>
         <load_address>0x3d5</load_address>
         <run_address>0x3d5</run_address>
         <size>0x5</size>
         <input_file_ref idref="fl-13"/>
      </object_component>
      <object_component id="oc-6f">
         <name>.text:_DATALOG_ISR</name>
         <load_address>0x3da</load_address>
         <run_address>0x3da</run_address>
         <size>0x5</size>
         <input_file_ref idref="fl-13"/>
      </object_component>
      <object_component id="oc-8f">
         <name>.text:_ECAP1_INT_ISR</name>
         <load_address>0x3df</load_address>
         <run_address>0x3df</run_address>
         <size>0x5</size>
         <input_file_ref idref="fl-13"/>
      </object_component>
      <object_component id="oc-9d">
         <name>.text:_EMPTY_ISR</name>
         <load_address>0x3e4</load_address>
         <run_address>0x3e4</run_address>
         <size>0x5</size>
         <input_file_ref idref="fl-13"/>
      </object_component>
      <object_component id="oc-71">
         <name>.text:_EMUINT_ISR</name>
         <load_address>0x3e9</load_address>
         <run_address>0x3e9</run_address>
         <size>0x5</size>
         <input_file_ref idref="fl-13"/>
      </object_component>
      <object_component id="oc-8b">
         <name>.text:_EPWM1_INT_ISR</name>
         <load_address>0x3ee</load_address>
         <run_address>0x3ee</run_address>
         <size>0x5</size>
         <input_file_ref idref="fl-13"/>
      </object_component>
      <object_component id="oc-87">
         <name>.text:_EPWM1_TZINT_ISR</name>
         <load_address>0x3f3</load_address>
         <run_address>0x3f3</run_address>
         <size>0x5</size>
         <input_file_ref idref="fl-13"/>
      </object_component>
      <object_component id="oc-8c">
         <name>.text:_EPWM2_INT_ISR</name>
         <load_address>0x3f8</load_address>
         <run_address>0x3f8</run_address>
         <size>0x5</size>
         <input_file_ref idref="fl-13"/>
      </object_component>
      <object_component id="oc-ce">
         <name>.text:_CPU_clearIntFlags</name>
         <load_address>0x3fd</load_address>
         <run_address>0x3fd</run_address>
         <size>0x3</size>
         <input_file_ref idref="fl-b"/>
      </object_component>
      <object_component id="oc-88">
         <name>.text:_EPWM2_TZINT_ISR</name>
         <load_address>0x8000</load_address>
         <run_address>0x8000</run_address>
         <size>0x5</size>
         <input_file_ref idref="fl-13"/>
      </object_component>
      <object_component id="oc-8d">
         <name>.text:_EPWM3_INT_ISR</name>
         <load_address>0x8005</load_address>
         <run_address>0x8005</run_address>
         <size>0x5</size>
         <input_file_ref idref="fl-13"/>
      </object_component>
      <object_component id="oc-89">
         <name>.text:_EPWM3_TZINT_ISR</name>
         <load_address>0x800a</load_address>
         <run_address>0x800a</run_address>
         <size>0x5</size>
         <input_file_ref idref="fl-13"/>
      </object_component>
      <object_component id="oc-8e">
         <name>.text:_EPWM4_INT_ISR</name>
         <load_address>0x800f</load_address>
         <run_address>0x800f</run_address>
         <size>0x5</size>
         <input_file_ref idref="fl-13"/>
      </object_component>
      <object_component id="oc-8a">
         <name>.text:_EPWM4_TZINT_ISR</name>
         <load_address>0x8014</load_address>
         <run_address>0x8014</run_address>
         <size>0x5</size>
         <input_file_ref idref="fl-13"/>
      </object_component>
      <object_component id="oc-92">
         <name>.text:_I2CINT1A_ISR</name>
         <load_address>0x8019</load_address>
         <run_address>0x8019</run_address>
         <size>0x5</size>
         <input_file_ref idref="fl-13"/>
      </object_component>
      <object_component id="oc-93">
         <name>.text:_I2CINT2A_ISR</name>
         <load_address>0x801e</load_address>
         <run_address>0x801e</run_address>
         <size>0x5</size>
         <input_file_ref idref="fl-13"/>
      </object_component>
      <object_component id="oc-73">
         <name>.text:_ILLEGAL_ISR</name>
         <load_address>0x8023</load_address>
         <run_address>0x8023</run_address>
         <size>0x5</size>
         <input_file_ref idref="fl-13"/>
      </object_component>
      <object_component id="oc-6d">
         <name>.text:_INT13_ISR</name>
         <load_address>0x8028</load_address>
         <run_address>0x8028</run_address>
         <size>0x5</size>
         <input_file_ref idref="fl-13"/>
      </object_component>
      <object_component id="oc-6e">
         <name>.text:_INT14_ISR</name>
         <load_address>0x802d</load_address>
         <run_address>0x802d</run_address>
         <size>0x5</size>
         <input_file_ref idref="fl-13"/>
      </object_component>
      <object_component id="oc-72">
         <name>.text:_NMI_ISR</name>
         <load_address>0x8032</load_address>
         <run_address>0x8032</run_address>
         <size>0x5</size>
         <input_file_ref idref="fl-13"/>
      </object_component>
      <object_component id="oc-9e">
         <name>.text:_PIE_RESERVED</name>
         <load_address>0x8037</load_address>
         <run_address>0x8037</run_address>
         <size>0x5</size>
         <input_file_ref idref="fl-13"/>
      </object_component>
      <object_component id="oc-58">
         <name>.text:_PIE_illegalIsr</name>
         <load_address>0x803c</load_address>
         <run_address>0x803c</run_address>
         <size>0x5</size>
         <input_file_ref idref="fl-f"/>
      </object_component>
      <object_component id="oc-70">
         <name>.text:_RTOSINT_ISR</name>
         <load_address>0x8041</load_address>
         <run_address>0x8041</run_address>
         <size>0x5</size>
         <input_file_ref idref="fl-13"/>
      </object_component>
      <object_component id="oc-94">
         <name>.text:_SCIRXINTA_ISR</name>
         <load_address>0x8046</load_address>
         <run_address>0x8046</run_address>
         <size>0x5</size>
         <input_file_ref idref="fl-13"/>
      </object_component>
      <object_component id="oc-95">
         <name>.text:_SCITXINTA_ISR</name>
         <load_address>0x804b</load_address>
         <run_address>0x804b</run_address>
         <size>0x5</size>
         <input_file_ref idref="fl-13"/>
      </object_component>
      <object_component id="oc-90">
         <name>.text:_SPIRXINTA_ISR</name>
         <load_address>0x8050</load_address>
         <run_address>0x8050</run_address>
         <size>0x5</size>
         <input_file_ref idref="fl-13"/>
      </object_component>
      <object_component id="oc-91">
         <name>.text:_SPITXINTA_ISR</name>
         <load_address>0x8055</load_address>
         <run_address>0x8055</run_address>
         <size>0x5</size>
         <input_file_ref idref="fl-13"/>
      </object_component>
      <object_component id="oc-85">
         <name>.text:_TINT0_ISR</name>
         <load_address>0x805a</load_address>
         <run_address>0x805a</run_address>
         <size>0x5</size>
         <input_file_ref idref="fl-13"/>
      </object_component>
      <object_component id="oc-7d">
         <name>.text:_USER10_ISR</name>
         <load_address>0x805f</load_address>
         <run_address>0x805f</run_address>
         <size>0x5</size>
         <input_file_ref idref="fl-13"/>
      </object_component>
      <object_component id="oc-7e">
         <name>.text:_USER11_ISR</name>
         <load_address>0x8064</load_address>
         <run_address>0x8064</run_address>
         <size>0x5</size>
         <input_file_ref idref="fl-13"/>
      </object_component>
      <object_component id="oc-7f">
         <name>.text:_USER12_ISR</name>
         <load_address>0x8069</load_address>
         <run_address>0x8069</run_address>
         <size>0x5</size>
         <input_file_ref idref="fl-13"/>
      </object_component>
      <object_component id="oc-74">
         <name>.text:_USER1_ISR</name>
         <load_address>0x806e</load_address>
         <run_address>0x806e</run_address>
         <size>0x5</size>
         <input_file_ref idref="fl-13"/>
      </object_component>
      <object_component id="oc-75">
         <name>.text:_USER2_ISR</name>
         <load_address>0x8073</load_address>
         <run_address>0x8073</run_address>
         <size>0x5</size>
         <input_file_ref idref="fl-13"/>
      </object_component>
      <object_component id="oc-76">
         <name>.text:_USER3_ISR</name>
         <load_address>0x8078</load_address>
         <run_address>0x8078</run_address>
         <size>0x5</size>
         <input_file_ref idref="fl-13"/>
      </object_component>
      <object_component id="oc-77">
         <name>.text:_USER4_ISR</name>
         <load_address>0x807d</load_address>
         <run_address>0x807d</run_address>
         <size>0x5</size>
         <input_file_ref idref="fl-13"/>
      </object_component>
      <object_component id="oc-78">
         <name>.text:_USER5_ISR</name>
         <load_address>0x8082</load_address>
         <run_address>0x8082</run_address>
         <size>0x5</size>
         <input_file_ref idref="fl-13"/>
      </object_component>
      <object_component id="oc-79">
         <name>.text:_USER6_ISR</name>
         <load_address>0x8087</load_address>
         <run_address>0x8087</run_address>
         <size>0x5</size>
         <input_file_ref idref="fl-13"/>
      </object_component>
      <object_component id="oc-7a">
         <name>.text:_USER7_ISR</name>
         <load_address>0x808c</load_address>
         <run_address>0x808c</run_address>
         <size>0x5</size>
         <input_file_ref idref="fl-13"/>
      </object_component>
      <object_component id="oc-7b">
         <name>.text:_USER8_ISR</name>
         <load_address>0x8091</load_address>
         <run_address>0x8091</run_address>
         <size>0x5</size>
         <input_file_ref idref="fl-13"/>
      </object_component>
      <object_component id="oc-7c">
         <name>.text:_USER9_ISR</name>
         <load_address>0x8096</load_address>
         <run_address>0x8096</run_address>
         <size>0x5</size>
         <input_file_ref idref="fl-13"/>
      </object_component>
      <object_component id="oc-86">
         <name>.text:_WAKEINT_ISR</name>
         <load_address>0x809b</load_address>
         <run_address>0x809b</run_address>
         <size>0x5</size>
         <input_file_ref idref="fl-13"/>
      </object_component>
      <object_component id="oc-82">
         <name>.text:_XINT1_ISR</name>
         <load_address>0x80a0</load_address>
         <run_address>0x80a0</run_address>
         <size>0x5</size>
         <input_file_ref idref="fl-13"/>
      </object_component>
      <object_component id="oc-83">
         <name>.text:_XINT2_ISR</name>
         <load_address>0x80a5</load_address>
         <run_address>0x80a5</run_address>
         <size>0x5</size>
         <input_file_ref idref="fl-13"/>
      </object_component>
      <object_component id="oc-9c">
         <name>.text:_XINT3_ISR</name>
         <load_address>0x80aa</load_address>
         <run_address>0x80aa</run_address>
         <size>0x5</size>
         <input_file_ref idref="fl-13"/>
      </object_component>
      <object_component id="oc-9f">
         <name>.text:_rsvd_ISR</name>
         <load_address>0x80af</load_address>
         <run_address>0x80af</run_address>
         <size>0x5</size>
         <input_file_ref idref="fl-13"/>
      </object_component>
      <object_component id="oc-c0">
         <name>.text:_CPU_init</name>
         <load_address>0x80b4</load_address>
         <run_address>0x80b4</run_address>
         <size>0x4</size>
         <input_file_ref idref="fl-b"/>
      </object_component>
      <object_component id="oc-e2">
         <name>.text:_SPI_clearRxFifoInt</name>
         <load_address>0x80b8</load_address>
         <run_address>0x80b8</run_address>
         <size>0x4</size>
         <input_file_ref idref="fl-11"/>
      </object_component>
      <object_component id="oc-e0">
         <name>.text:_SPI_clearTxFifoInt</name>
         <load_address>0x80bc</load_address>
         <run_address>0x80bc</run_address>
         <size>0x4</size>
         <input_file_ref idref="fl-11"/>
      </object_component>
      <object_component id="oc-dd">
         <name>.text:_SPI_enableChannels</name>
         <load_address>0x80c0</load_address>
         <run_address>0x80c0</run_address>
         <size>0x4</size>
         <input_file_ref idref="fl-11"/>
      </object_component>
      <object_component id="oc-de">
         <name>.text:_SPI_enableFifoEnh</name>
         <load_address>0x80c4</load_address>
         <run_address>0x80c4</run_address>
         <size>0x4</size>
         <input_file_ref idref="fl-11"/>
      </object_component>
      <object_component id="oc-d4">
         <name>.text:_SPI_getRxFifoStatus</name>
         <load_address>0x80c8</load_address>
         <run_address>0x80c8</run_address>
         <size>0x4</size>
         <input_file_ref idref="fl-11"/>
      </object_component>
      <object_component id="oc-d6">
         <name>.text:_SPI_setCharLength</name>
         <load_address>0x80cc</load_address>
         <run_address>0x80cc</run_address>
         <size>0x4</size>
         <input_file_ref idref="fl-11"/>
      </object_component>
      <object_component id="oc-cd">
         <name>.text:_CPU_disableGlobalInts</name>
         <load_address>0x80d0</load_address>
         <run_address>0x80d0</run_address>
         <size>0x3</size>
         <input_file_ref idref="fl-b"/>
      </object_component>
      <object_component id="oc-cb">
         <name>.text:_PIE_disable</name>
         <load_address>0x80d3</load_address>
         <run_address>0x80d3</run_address>
         <size>0x3</size>
         <input_file_ref idref="fl-f"/>
      </object_component>
      <object_component id="oc-d3">
         <name>.text:_PIE_enable</name>
         <load_address>0x80d6</load_address>
         <run_address>0x80d6</run_address>
         <size>0x3</size>
         <input_file_ref idref="fl-f"/>
      </object_component>
      <object_component id="oc-e4">
         <name>.text:_PLL_getClkStatus</name>
         <load_address>0x80d9</load_address>
         <run_address>0x80d9</run_address>
         <size>0x3</size>
         <input_file_ref idref="fl-10"/>
      </object_component>
      <object_component id="oc-e7">
         <name>.text:_PLL_getLockStatus</name>
         <load_address>0x80dc</load_address>
         <run_address>0x80dc</run_address>
         <size>0x3</size>
         <input_file_ref idref="fl-10"/>
      </object_component>
      <object_component id="oc-db">
         <name>.text:_SPI_enable</name>
         <load_address>0x80df</load_address>
         <run_address>0x80df</run_address>
         <size>0x3</size>
         <input_file_ref idref="fl-11"/>
      </object_component>
      <object_component id="oc-da">
         <name>.text:_SPI_enableLoopBack</name>
         <load_address>0x80e2</load_address>
         <run_address>0x80e2</run_address>
         <size>0x3</size>
         <input_file_ref idref="fl-11"/>
      </object_component>
      <object_component id="oc-d8">
         <name>.text:_SPI_enableTx</name>
         <load_address>0x80e5</load_address>
         <run_address>0x80e5</run_address>
         <size>0x3</size>
         <input_file_ref idref="fl-11"/>
      </object_component>
      <object_component id="oc-d9">
         <name>.text:_SPI_setBaudRate</name>
         <load_address>0x80e8</load_address>
         <run_address>0x80e8</run_address>
         <size>0x2</size>
         <input_file_ref idref="fl-11"/>
      </object_component>
      <object_component id="oc-d7">
         <name>.text:_SPI_setMode</name>
         <load_address>0x80ea</load_address>
         <run_address>0x80ea</run_address>
         <size>0x2</size>
         <input_file_ref idref="fl-11"/>
      </object_component>
      <object_component id="oc-b1">
         <name>.cinit</name>
         <load_address>0x50</load_address>
         <run_address>0x50</run_address>
         <size>0xa</size>
         <input_file_ref idref="fl-16"/>
      </object_component>
      <object_component id="oc-ab">
         <name>.cinit</name>
         <load_address>0x5a</load_address>
         <run_address>0x5a</run_address>
         <size>0xa</size>
         <input_file_ref idref="fl-15"/>
      </object_component>
      <object_component id="oc-a6">
         <name>.reset</name>
         <load_address>0x3fffc0</load_address>
         <run_address>0x3fffc0</run_address>
         <size>0x2</size>
         <input_file_ref idref="fl-14"/>
      </object_component>
      <object_component id="oc-a5">
         <name>.stack</name>
         <uninitialized>true</uninitialized>
         <run_address>0x400</run_address>
         <size>0x0</size>
         <input_file_ref idref="fl-14"/>
      </object_component>
      <object_component id="oc-122">
         <name>.stack</name>
         <uninitialized>true</uninitialized>
         <run_address>0x400</run_address>
         <size>0x0</size>
      </object_component>
      <object_component id="oc-34">
         <name>.ebss</name>
         <uninitialized>true</uninitialized>
         <run_address>0x700</run_address>
         <size>0xc</size>
         <input_file_ref idref="fl-2"/>
      </object_component>
      <object_component id="oc-43">
         <name>.ebss</name>
         <uninitialized>true</uninitialized>
         <run_address>0x714</run_address>
         <size>0x1</size>
         <input_file_ref idref="fl-b"/>
      </object_component>
      <object_component id="oc-ac">
         <name>.ebss</name>
         <uninitialized>true</uninitialized>
         <run_address>0x710</run_address>
         <size>0x4</size>
         <input_file_ref idref="fl-15"/>
      </object_component>
      <object_component id="oc-b2">
         <name>.ebss</name>
         <uninitialized>true</uninitialized>
         <run_address>0x70c</run_address>
         <size>0x4</size>
         <input_file_ref idref="fl-16"/>
      </object_component>
      <object_component id="oc-e8">
         <name>.econst:_PIE_tableDebugInit</name>
         <load_address>0x600</load_address>
         <run_address>0x600</run_address>
         <size>0x100</size>
         <input_file_ref idref="fl-f"/>
      </object_component>
      <object_component id="oc-33">
         <name>.debug_info</name>
         <load_address>0x0</load_address>
         <run_address>0x0</run_address>
         <size>0x277e</size>
         <input_file_ref idref="fl-2"/>
      </object_component>
      <object_component id="oc-38">
         <name>.debug_info</name>
         <load_address>0x277e</load_address>
         <run_address>0x277e</run_address>
         <size>0x19f5</size>
         <input_file_ref idref="fl-9"/>
      </object_component>
      <object_component id="oc-3d">
         <name>.debug_info</name>
         <load_address>0x4173</load_address>
         <run_address>0x4173</run_address>
         <size>0xdfa</size>
         <input_file_ref idref="fl-a"/>
      </object_component>
      <object_component id="oc-42">
         <name>.debug_info</name>
         <load_address>0x4f6d</load_address>
         <run_address>0x4f6d</run_address>
         <size>0x78a</size>
         <input_file_ref idref="fl-b"/>
      </object_component>
      <object_component id="oc-49">
         <name>.debug_info</name>
         <load_address>0x56f7</load_address>
         <run_address>0x56f7</run_address>
         <size>0x1eb</size>
         <input_file_ref idref="fl-c"/>
      </object_component>
      <object_component id="oc-4d">
         <name>.debug_info</name>
         <load_address>0x58e2</load_address>
         <run_address>0x58e2</run_address>
         <size>0xc8c</size>
         <input_file_ref idref="fl-d"/>
      </object_component>
      <object_component id="oc-52">
         <name>.debug_info</name>
         <load_address>0x656e</load_address>
         <run_address>0x656e</run_address>
         <size>0x1a81</size>
         <input_file_ref idref="fl-e"/>
      </object_component>
      <object_component id="oc-57">
         <name>.debug_info</name>
         <load_address>0x7fef</load_address>
         <run_address>0x7fef</run_address>
         <size>0x29b9</size>
         <input_file_ref idref="fl-f"/>
      </object_component>
      <object_component id="oc-5d">
         <name>.debug_info</name>
         <load_address>0xa9a8</load_address>
         <run_address>0xa9a8</run_address>
         <size>0xd6c</size>
         <input_file_ref idref="fl-10"/>
      </object_component>
      <object_component id="oc-62">
         <name>.debug_info</name>
         <load_address>0xb714</load_address>
         <run_address>0xb714</run_address>
         <size>0x1ac7</size>
         <input_file_ref idref="fl-11"/>
      </object_component>
      <object_component id="oc-67">
         <name>.debug_info</name>
         <load_address>0xd1db</load_address>
         <run_address>0xd1db</run_address>
         <size>0x7a9</size>
         <input_file_ref idref="fl-12"/>
      </object_component>
      <object_component id="oc-6c">
         <name>.debug_info</name>
         <load_address>0xd984</load_address>
         <run_address>0xd984</run_address>
         <size>0x2d3e</size>
         <input_file_ref idref="fl-13"/>
      </object_component>
      <object_component id="oc-a7">
         <name>.debug_info</name>
         <load_address>0x106c2</load_address>
         <run_address>0x106c2</run_address>
         <size>0xde</size>
         <input_file_ref idref="fl-14"/>
      </object_component>
      <object_component id="oc-aa">
         <name>.debug_info</name>
         <load_address>0x107a0</load_address>
         <run_address>0x107a0</run_address>
         <size>0x3d6</size>
         <input_file_ref idref="fl-15"/>
      </object_component>
      <object_component id="oc-b0">
         <name>.debug_info</name>
         <load_address>0x10b76</load_address>
         <run_address>0x10b76</run_address>
         <size>0x3fc</size>
         <input_file_ref idref="fl-16"/>
      </object_component>
      <object_component id="oc-b6">
         <name>.debug_info</name>
         <load_address>0x10f72</load_address>
         <run_address>0x10f72</run_address>
         <size>0x3bd</size>
         <input_file_ref idref="fl-17"/>
      </object_component>
      <object_component id="oc-125">
         <name>.debug_info</name>
         <load_address>0x1132f</load_address>
         <run_address>0x1132f</run_address>
         <size>0xc9</size>
      </object_component>
      <object_component id="oc-35">
         <name>.debug_frame</name>
         <load_address>0x0</load_address>
         <run_address>0x0</run_address>
         <size>0x122</size>
         <input_file_ref idref="fl-2"/>
      </object_component>
      <object_component id="oc-39">
         <name>.debug_frame</name>
         <load_address>0x122</load_address>
         <run_address>0x122</run_address>
         <size>0x77</size>
         <input_file_ref idref="fl-9"/>
      </object_component>
      <object_component id="oc-3e">
         <name>.debug_frame</name>
         <load_address>0x199</load_address>
         <run_address>0x199</run_address>
         <size>0xb6</size>
         <input_file_ref idref="fl-a"/>
      </object_component>
      <object_component id="oc-44">
         <name>.debug_frame</name>
         <load_address>0x24f</load_address>
         <run_address>0x24f</run_address>
         <size>0xa1</size>
         <input_file_ref idref="fl-b"/>
      </object_component>
      <object_component id="oc-4e">
         <name>.debug_frame</name>
         <load_address>0x2f0</load_address>
         <run_address>0x2f0</run_address>
         <size>0x77</size>
         <input_file_ref idref="fl-d"/>
      </object_component>
      <object_component id="oc-53">
         <name>.debug_frame</name>
         <load_address>0x367</load_address>
         <run_address>0x367</run_address>
         <size>0xb6</size>
         <input_file_ref idref="fl-e"/>
      </object_component>
      <object_component id="oc-59">
         <name>.debug_frame</name>
         <load_address>0x41d</load_address>
         <run_address>0x41d</run_address>
         <size>0xe0</size>
         <input_file_ref idref="fl-f"/>
      </object_component>
      <object_component id="oc-5e">
         <name>.debug_frame</name>
         <load_address>0x4fd</load_address>
         <run_address>0x4fd</run_address>
         <size>0xe0</size>
         <input_file_ref idref="fl-10"/>
      </object_component>
      <object_component id="oc-63">
         <name>.debug_frame</name>
         <load_address>0x5dd</load_address>
         <run_address>0x5dd</run_address>
         <size>0x1b2</size>
         <input_file_ref idref="fl-11"/>
      </object_component>
      <object_component id="oc-68">
         <name>.debug_frame</name>
         <load_address>0x78f</load_address>
         <run_address>0x78f</run_address>
         <size>0x8c</size>
         <input_file_ref idref="fl-12"/>
      </object_component>
      <object_component id="oc-a0">
         <name>.debug_frame</name>
         <load_address>0x81b</load_address>
         <run_address>0x81b</run_address>
         <size>0x491</size>
         <input_file_ref idref="fl-13"/>
      </object_component>
      <object_component id="oc-ad">
         <name>.debug_frame</name>
         <load_address>0xcac</load_address>
         <run_address>0xcac</run_address>
         <size>0x9d</size>
         <input_file_ref idref="fl-15"/>
      </object_component>
      <object_component id="oc-b3">
         <name>.debug_frame</name>
         <load_address>0xd49</load_address>
         <run_address>0xd49</run_address>
         <size>0xac</size>
         <input_file_ref idref="fl-16"/>
      </object_component>
      <object_component id="oc-b7">
         <name>.debug_frame</name>
         <load_address>0xdf5</load_address>
         <run_address>0xdf5</run_address>
         <size>0x7c</size>
         <input_file_ref idref="fl-17"/>
      </object_component>
      <object_component id="oc-36">
         <name>.debug_line</name>
         <load_address>0x0</load_address>
         <run_address>0x0</run_address>
         <size>0x194</size>
         <input_file_ref idref="fl-2"/>
      </object_component>
      <object_component id="oc-3a">
         <name>.debug_line</name>
         <load_address>0x194</load_address>
         <run_address>0x194</run_address>
         <size>0x82</size>
         <input_file_ref idref="fl-9"/>
      </object_component>
      <object_component id="oc-3f">
         <name>.debug_line</name>
         <load_address>0x216</load_address>
         <run_address>0x216</run_address>
         <size>0xdd</size>
         <input_file_ref idref="fl-a"/>
      </object_component>
      <object_component id="oc-45">
         <name>.debug_line</name>
         <load_address>0x2f3</load_address>
         <run_address>0x2f3</run_address>
         <size>0xb0</size>
         <input_file_ref idref="fl-b"/>
      </object_component>
      <object_component id="oc-4a">
         <name>.debug_line</name>
         <load_address>0x3a3</load_address>
         <run_address>0x3a3</run_address>
         <size>0x9d</size>
         <input_file_ref idref="fl-c"/>
      </object_component>
      <object_component id="oc-4f">
         <name>.debug_line</name>
         <load_address>0x440</load_address>
         <run_address>0x440</run_address>
         <size>0x84</size>
         <input_file_ref idref="fl-d"/>
      </object_component>
      <object_component id="oc-54">
         <name>.debug_line</name>
         <load_address>0x4c4</load_address>
         <run_address>0x4c4</run_address>
         <size>0x13c</size>
         <input_file_ref idref="fl-e"/>
      </object_component>
      <object_component id="oc-5a">
         <name>.debug_line</name>
         <load_address>0x600</load_address>
         <run_address>0x600</run_address>
         <size>0x120</size>
         <input_file_ref idref="fl-f"/>
      </object_component>
      <object_component id="oc-5f">
         <name>.debug_line</name>
         <load_address>0x720</load_address>
         <run_address>0x720</run_address>
         <size>0x123</size>
         <input_file_ref idref="fl-10"/>
      </object_component>
      <object_component id="oc-64">
         <name>.debug_line</name>
         <load_address>0x843</load_address>
         <run_address>0x843</run_address>
         <size>0x22c</size>
         <input_file_ref idref="fl-11"/>
      </object_component>
      <object_component id="oc-69">
         <name>.debug_line</name>
         <load_address>0xa6f</load_address>
         <run_address>0xa6f</run_address>
         <size>0xa3</size>
         <input_file_ref idref="fl-12"/>
      </object_component>
      <object_component id="oc-a1">
         <name>.debug_line</name>
         <load_address>0xb12</load_address>
         <run_address>0xb12</run_address>
         <size>0x4fb</size>
         <input_file_ref idref="fl-13"/>
      </object_component>
      <object_component id="oc-a8">
         <name>.debug_line</name>
         <load_address>0x100d</load_address>
         <run_address>0x100d</run_address>
         <size>0x70</size>
         <input_file_ref idref="fl-14"/>
      </object_component>
      <object_component id="oc-ae">
         <name>.debug_line</name>
         <load_address>0x107d</load_address>
         <run_address>0x107d</run_address>
         <size>0x5a</size>
         <input_file_ref idref="fl-15"/>
      </object_component>
      <object_component id="oc-b4">
         <name>.debug_line</name>
         <load_address>0x10d7</load_address>
         <run_address>0x10d7</run_address>
         <size>0x5b</size>
         <input_file_ref idref="fl-16"/>
      </object_component>
      <object_component id="oc-b8">
         <name>.debug_line</name>
         <load_address>0x1132</load_address>
         <run_address>0x1132</run_address>
         <size>0x56</size>
         <input_file_ref idref="fl-17"/>
      </object_component>
      <object_component id="oc-37">
         <name>.debug_abbrev</name>
         <load_address>0x0</load_address>
         <run_address>0x0</run_address>
         <size>0x1b4</size>
         <input_file_ref idref="fl-2"/>
      </object_component>
      <object_component id="oc-3b">
         <name>.debug_abbrev</name>
         <load_address>0x1b4</load_address>
         <run_address>0x1b4</run_address>
         <size>0x191</size>
         <input_file_ref idref="fl-9"/>
      </object_component>
      <object_component id="oc-40">
         <name>.debug_abbrev</name>
         <load_address>0x345</load_address>
         <run_address>0x345</run_address>
         <size>0x174</size>
         <input_file_ref idref="fl-a"/>
      </object_component>
      <object_component id="oc-46">
         <name>.debug_abbrev</name>
         <load_address>0x4b9</load_address>
         <run_address>0x4b9</run_address>
         <size>0x11b</size>
         <input_file_ref idref="fl-b"/>
      </object_component>
      <object_component id="oc-4b">
         <name>.debug_abbrev</name>
         <load_address>0x5d4</load_address>
         <run_address>0x5d4</run_address>
         <size>0x21</size>
         <input_file_ref idref="fl-c"/>
      </object_component>
      <object_component id="oc-50">
         <name>.debug_abbrev</name>
         <load_address>0x5f5</load_address>
         <run_address>0x5f5</run_address>
         <size>0x16e</size>
         <input_file_ref idref="fl-d"/>
      </object_component>
      <object_component id="oc-55">
         <name>.debug_abbrev</name>
         <load_address>0x763</load_address>
         <run_address>0x763</run_address>
         <size>0x16b</size>
         <input_file_ref idref="fl-e"/>
      </object_component>
      <object_component id="oc-5b">
         <name>.debug_abbrev</name>
         <load_address>0x8ce</load_address>
         <run_address>0x8ce</run_address>
         <size>0x1d9</size>
         <input_file_ref idref="fl-f"/>
      </object_component>
      <object_component id="oc-60">
         <name>.debug_abbrev</name>
         <load_address>0xaa7</load_address>
         <run_address>0xaa7</run_address>
         <size>0x182</size>
         <input_file_ref idref="fl-10"/>
      </object_component>
      <object_component id="oc-65">
         <name>.debug_abbrev</name>
         <load_address>0xc29</load_address>
         <run_address>0xc29</run_address>
         <size>0x14d</size>
         <input_file_ref idref="fl-11"/>
      </object_component>
      <object_component id="oc-6a">
         <name>.debug_abbrev</name>
         <load_address>0xd76</load_address>
         <run_address>0xd76</run_address>
         <size>0x11d</size>
         <input_file_ref idref="fl-12"/>
      </object_component>
      <object_component id="oc-a2">
         <name>.debug_abbrev</name>
         <load_address>0xe93</load_address>
         <run_address>0xe93</run_address>
         <size>0xb6</size>
         <input_file_ref idref="fl-13"/>
      </object_component>
      <object_component id="oc-a9">
         <name>.debug_abbrev</name>
         <load_address>0xf49</load_address>
         <run_address>0xf49</run_address>
         <size>0x43</size>
         <input_file_ref idref="fl-14"/>
      </object_component>
      <object_component id="oc-af">
         <name>.debug_abbrev</name>
         <load_address>0xf8c</load_address>
         <run_address>0xf8c</run_address>
         <size>0x10c</size>
         <input_file_ref idref="fl-15"/>
      </object_component>
      <object_component id="oc-b5">
         <name>.debug_abbrev</name>
         <load_address>0x1098</load_address>
         <run_address>0x1098</run_address>
         <size>0xa9</size>
         <input_file_ref idref="fl-16"/>
      </object_component>
      <object_component id="oc-b9">
         <name>.debug_abbrev</name>
         <load_address>0x1141</load_address>
         <run_address>0x1141</run_address>
         <size>0xed</size>
         <input_file_ref idref="fl-17"/>
      </object_component>
      <object_component id="oc-126">
         <name>.debug_abbrev</name>
         <load_address>0x122e</load_address>
         <run_address>0x122e</run_address>
         <size>0xf</size>
      </object_component>
      <object_component id="oc-3c">
         <name>.debug_aranges</name>
         <load_address>0x0</load_address>
         <run_address>0x0</run_address>
         <size>0x20</size>
         <input_file_ref idref="fl-9"/>
      </object_component>
      <object_component id="oc-41">
         <name>.debug_aranges</name>
         <load_address>0x20</load_address>
         <run_address>0x20</run_address>
         <size>0x38</size>
         <input_file_ref idref="fl-a"/>
      </object_component>
      <object_component id="oc-47">
         <name>.debug_aranges</name>
         <load_address>0x58</load_address>
         <run_address>0x58</run_address>
         <size>0x30</size>
         <input_file_ref idref="fl-b"/>
      </object_component>
      <object_component id="oc-4c">
         <name>.debug_aranges</name>
         <load_address>0x88</load_address>
         <run_address>0x88</run_address>
         <size>0x28</size>
         <input_file_ref idref="fl-c"/>
      </object_component>
      <object_component id="oc-51">
         <name>.debug_aranges</name>
         <load_address>0xb0</load_address>
         <run_address>0xb0</run_address>
         <size>0x20</size>
         <input_file_ref idref="fl-d"/>
      </object_component>
      <object_component id="oc-56">
         <name>.debug_aranges</name>
         <load_address>0xd0</load_address>
         <run_address>0xd0</run_address>
         <size>0x38</size>
         <input_file_ref idref="fl-e"/>
      </object_component>
      <object_component id="oc-5c">
         <name>.debug_aranges</name>
         <load_address>0x108</load_address>
         <run_address>0x108</run_address>
         <size>0x48</size>
         <input_file_ref idref="fl-f"/>
      </object_component>
      <object_component id="oc-61">
         <name>.debug_aranges</name>
         <load_address>0x150</load_address>
         <run_address>0x150</run_address>
         <size>0x48</size>
         <input_file_ref idref="fl-10"/>
      </object_component>
      <object_component id="oc-66">
         <name>.debug_aranges</name>
         <load_address>0x198</load_address>
         <run_address>0x198</run_address>
         <size>0x98</size>
         <input_file_ref idref="fl-11"/>
      </object_component>
      <object_component id="oc-6b">
         <name>.debug_aranges</name>
         <load_address>0x230</load_address>
         <run_address>0x230</run_address>
         <size>0x28</size>
         <input_file_ref idref="fl-12"/>
      </object_component>
      <object_component id="oc-a3">
         <name>.debug_aranges</name>
         <load_address>0x258</load_address>
         <run_address>0x258</run_address>
         <size>0x1b0</size>
         <input_file_ref idref="fl-13"/>
      </object_component>
   </object_component_list>
   <logical_group_list>
      <logical_group id="lg-3" display="no" color="cyan">
         <name>PieVectTableFile</name>
         <run_address>0x0</run_address>
         <size>0x0</size>
         <contents>
         </contents>
      </logical_group>
      <logical_group id="lg-5" display="no" color="cyan">
         <name>EmuKeyVar</name>
         <run_address>0x0</run_address>
         <size>0x0</size>
         <contents>
         </contents>
      </logical_group>
      <logical_group id="lg-6" display="no" color="cyan">
         <name>EmuBModeVar</name>
         <run_address>0x0</run_address>
         <size>0x0</size>
         <contents>
         </contents>
      </logical_group>
      <logical_group id="lg-7" display="no" color="cyan">
         <name>FlashCallbackVar</name>
         <run_address>0x0</run_address>
         <size>0x0</size>
         <contents>
         </contents>
      </logical_group>
      <logical_group id="lg-8" display="no" color="cyan">
         <name>FlashScalingVar</name>
         <run_address>0x0</run_address>
         <size>0x0</size>
         <contents>
         </contents>
      </logical_group>
      <logical_group id="lg-4" display="no" color="cyan">
         <name>GROUP_2</name>
         <run_address>0x0</run_address>
         <size>0x0</size>
         <contents>
            <logical_group_ref idref="lg-5"/>
            <logical_group_ref idref="lg-6"/>
            <logical_group_ref idref="lg-7"/>
            <logical_group_ref idref="lg-8"/>
         </contents>
      </logical_group>
      <overlay id="lg-2" display="no" color="cyan">
         <name>UNION_1</name>
         <run_address>0x0</run_address>
         <size>0x0</size>
         <contents>
            <logical_group_ref idref="lg-3"/>
            <logical_group_ref idref="lg-4"/>
         </contents>
      </overlay>
      <logical_group id="lg-9" display="no" color="cyan">
         <name>DevEmuRegsFile</name>
         <run_address>0x0</run_address>
         <size>0x0</size>
         <contents>
         </contents>
      </logical_group>
      <logical_group id="lg-a" display="no" color="cyan">
         <name>SysPwrCtrlRegsFile</name>
         <run_address>0x0</run_address>
         <size>0x0</size>
         <contents>
         </contents>
      </logical_group>
      <logical_group id="lg-b" display="no" color="cyan">
         <name>FlashRegsFile</name>
         <run_address>0x0</run_address>
         <size>0x0</size>
         <contents>
         </contents>
      </logical_group>
      <logical_group id="lg-c" display="no" color="cyan">
         <name>CsmRegsFile</name>
         <run_address>0x0</run_address>
         <size>0x0</size>
         <contents>
         </contents>
      </logical_group>
      <logical_group id="lg-d" display="no" color="cyan">
         <name>AdcResultFile</name>
         <run_address>0x0</run_address>
         <size>0x0</size>
         <contents>
         </contents>
      </logical_group>
      <logical_group id="lg-e" display="no" color="cyan">
         <name>CpuTimer0RegsFile</name>
         <run_address>0x0</run_address>
         <size>0x0</size>
         <contents>
         </contents>
      </logical_group>
      <logical_group id="lg-f" display="no" color="cyan">
         <name>CpuTimer1RegsFile</name>
         <run_address>0x0</run_address>
         <size>0x0</size>
         <contents>
         </contents>
      </logical_group>
      <logical_group id="lg-10" display="no" color="cyan">
         <name>CpuTimer2RegsFile</name>
         <run_address>0x0</run_address>
         <size>0x0</size>
         <contents>
         </contents>
      </logical_group>
      <logical_group id="lg-11" display="no" color="cyan">
         <name>PieCtrlRegsFile</name>
         <run_address>0x0</run_address>
         <size>0x0</size>
         <contents>
         </contents>
      </logical_group>
      <logical_group id="lg-12" display="no" color="cyan">
         <name>ECap1RegsFile</name>
         <run_address>0x0</run_address>
         <size>0x0</size>
         <contents>
         </contents>
      </logical_group>
      <logical_group id="lg-13" display="no" color="cyan">
         <name>GpioCtrlRegsFile</name>
         <run_address>0x0</run_address>
         <size>0x0</size>
         <contents>
         </contents>
      </logical_group>
      <logical_group id="lg-14" display="no" color="cyan">
         <name>GpioDataRegsFile</name>
         <run_address>0x0</run_address>
         <size>0x0</size>
         <contents>
         </contents>
      </logical_group>
      <logical_group id="lg-15" display="no" color="cyan">
         <name>GpioIntRegsFile</name>
         <run_address>0x0</run_address>
         <size>0x0</size>
         <contents>
         </contents>
      </logical_group>
      <logical_group id="lg-16" display="no" color="cyan">
         <name>SysCtrlRegsFile</name>
         <run_address>0x0</run_address>
         <size>0x0</size>
         <contents>
         </contents>
      </logical_group>
      <logical_group id="lg-17" display="no" color="cyan">
         <name>SpiaRegsFile</name>
         <run_address>0x0</run_address>
         <size>0x0</size>
         <contents>
         </contents>
      </logical_group>
      <logical_group id="lg-18" display="no" color="cyan">
         <name>SciaRegsFile</name>
         <run_address>0x0</run_address>
         <size>0x0</size>
         <contents>
         </contents>
      </logical_group>
      <logical_group id="lg-19" display="no" color="cyan">
         <name>NmiIntruptRegsFile</name>
         <run_address>0x0</run_address>
         <size>0x0</size>
         <contents>
         </contents>
      </logical_group>
      <logical_group id="lg-1a" display="no" color="cyan">
         <name>XIntruptRegsFile</name>
         <run_address>0x0</run_address>
         <size>0x0</size>
         <contents>
         </contents>
      </logical_group>
      <logical_group id="lg-1b" display="no" color="cyan">
         <name>AdcRegsFile</name>
         <run_address>0x0</run_address>
         <size>0x0</size>
         <contents>
         </contents>
      </logical_group>
      <logical_group id="lg-1c" display="no" color="cyan">
         <name>I2caRegsFile</name>
         <run_address>0x0</run_address>
         <size>0x0</size>
         <contents>
         </contents>
      </logical_group>
      <logical_group id="lg-1d" display="no" color="cyan">
         <name>Comp1RegsFile</name>
         <run_address>0x0</run_address>
         <size>0x0</size>
         <contents>
         </contents>
      </logical_group>
      <logical_group id="lg-1e" display="no" color="cyan">
         <name>Comp2RegsFile</name>
         <run_address>0x0</run_address>
         <size>0x0</size>
         <contents>
         </contents>
      </logical_group>
      <logical_group id="lg-1f" display="no" color="cyan">
         <name>EPwm1RegsFile</name>
         <run_address>0x0</run_address>
         <size>0x0</size>
         <contents>
         </contents>
      </logical_group>
      <logical_group id="lg-20" display="no" color="cyan">
         <name>EPwm2RegsFile</name>
         <run_address>0x0</run_address>
         <size>0x0</size>
         <contents>
         </contents>
      </logical_group>
      <logical_group id="lg-21" display="no" color="cyan">
         <name>EPwm3RegsFile</name>
         <run_address>0x0</run_address>
         <size>0x0</size>
         <contents>
         </contents>
      </logical_group>
      <logical_group id="lg-22" display="no" color="cyan">
         <name>EPwm4RegsFile</name>
         <run_address>0x0</run_address>
         <size>0x0</size>
         <contents>
         </contents>
      </logical_group>
      <logical_group id="lg-23" display="no" color="cyan">
         <name>CsmPwlFile</name>
         <run_address>0x0</run_address>
         <size>0x0</size>
         <contents>
         </contents>
      </logical_group>
      <logical_group id="lg-24" display="no" color="cyan">
         <name>PartIdRegsFile</name>
         <run_address>0x0</run_address>
         <size>0x0</size>
         <contents>
         </contents>
      </logical_group>
      <logical_group id="lg-25" display="no" color="cyan">
         <name>codestart</name>
         <load_address>0x0</load_address>
         <run_address>0x0</run_address>
         <size>0x2</size>
         <contents>
            <object_component_ref idref="oc-32"/>
         </contents>
      </logical_group>
      <logical_group id="lg-26" display="no" color="cyan">
         <name>ramfuncs</name>
         <run_address>0x0</run_address>
         <size>0x0</size>
         <contents>
         </contents>
      </logical_group>
      <logical_group id="lg-123" display="no" color="cyan">
         <name>.text.1</name>
         <load_address>0x66</load_address>
         <run_address>0x66</run_address>
         <size>0x39a</size>
         <contents>
            <object_component_ref idref="oc-bd"/>
            <object_component_ref idref="oc-d1"/>
            <object_component_ref idref="oc-a4"/>
            <object_component_ref idref="oc-cf"/>
            <object_component_ref idref="oc-d0"/>
            <object_component_ref idref="oc-ba"/>
            <object_component_ref idref="oc-bb"/>
            <object_component_ref idref="oc-ca"/>
            <object_component_ref idref="oc-cc"/>
            <object_component_ref idref="oc-d2"/>
            <object_component_ref idref="oc-be"/>
            <object_component_ref idref="oc-c3"/>
            <object_component_ref idref="oc-e1"/>
            <object_component_ref idref="oc-df"/>
            <object_component_ref idref="oc-bc"/>
            <object_component_ref idref="oc-bf"/>
            <object_component_ref idref="oc-c1"/>
            <object_component_ref idref="oc-c2"/>
            <object_component_ref idref="oc-c4"/>
            <object_component_ref idref="oc-c5"/>
            <object_component_ref idref="oc-c7"/>
            <object_component_ref idref="oc-c6"/>
            <object_component_ref idref="oc-48"/>
            <object_component_ref idref="oc-c8"/>
            <object_component_ref idref="oc-d5"/>
            <object_component_ref idref="oc-c9"/>
            <object_component_ref idref="oc-e5"/>
            <object_component_ref idref="oc-dc"/>
            <object_component_ref idref="oc-e3"/>
            <object_component_ref idref="oc-e6"/>
            <object_component_ref idref="oc-80"/>
            <object_component_ref idref="oc-81"/>
            <object_component_ref idref="oc-96"/>
            <object_component_ref idref="oc-97"/>
            <object_component_ref idref="oc-98"/>
            <object_component_ref idref="oc-99"/>
            <object_component_ref idref="oc-9a"/>
            <object_component_ref idref="oc-9b"/>
            <object_component_ref idref="oc-84"/>
            <object_component_ref idref="oc-6f"/>
            <object_component_ref idref="oc-8f"/>
            <object_component_ref idref="oc-9d"/>
            <object_component_ref idref="oc-71"/>
            <object_component_ref idref="oc-8b"/>
            <object_component_ref idref="oc-87"/>
            <object_component_ref idref="oc-8c"/>
            <object_component_ref idref="oc-ce"/>
         </contents>
      </logical_group>
      <logical_group id="lg-124" display="no" color="cyan">
         <name>.text.2</name>
         <load_address>0x8000</load_address>
         <run_address>0x8000</run_address>
         <size>0xec</size>
         <contents>
            <object_component_ref idref="oc-88"/>
            <object_component_ref idref="oc-8d"/>
            <object_component_ref idref="oc-89"/>
            <object_component_ref idref="oc-8e"/>
            <object_component_ref idref="oc-8a"/>
            <object_component_ref idref="oc-92"/>
            <object_component_ref idref="oc-93"/>
            <object_component_ref idref="oc-73"/>
            <object_component_ref idref="oc-6d"/>
            <object_component_ref idref="oc-6e"/>
            <object_component_ref idref="oc-72"/>
            <object_component_ref idref="oc-9e"/>
            <object_component_ref idref="oc-58"/>
            <object_component_ref idref="oc-70"/>
            <object_component_ref idref="oc-94"/>
            <object_component_ref idref="oc-95"/>
            <object_component_ref idref="oc-90"/>
            <object_component_ref idref="oc-91"/>
            <object_component_ref idref="oc-85"/>
            <object_component_ref idref="oc-7d"/>
            <object_component_ref idref="oc-7e"/>
            <object_component_ref idref="oc-7f"/>
            <object_component_ref idref="oc-74"/>
            <object_component_ref idref="oc-75"/>
            <object_component_ref idref="oc-76"/>
            <object_component_ref idref="oc-77"/>
            <object_component_ref idref="oc-78"/>
            <object_component_ref idref="oc-79"/>
            <object_component_ref idref="oc-7a"/>
            <object_component_ref idref="oc-7b"/>
            <object_component_ref idref="oc-7c"/>
            <object_component_ref idref="oc-86"/>
            <object_component_ref idref="oc-82"/>
            <object_component_ref idref="oc-83"/>
            <object_component_ref idref="oc-9c"/>
            <object_component_ref idref="oc-9f"/>
            <object_component_ref idref="oc-c0"/>
            <object_component_ref idref="oc-e2"/>
            <object_component_ref idref="oc-e0"/>
            <object_component_ref idref="oc-dd"/>
            <object_component_ref idref="oc-de"/>
            <object_component_ref idref="oc-d4"/>
            <object_component_ref idref="oc-d6"/>
            <object_component_ref idref="oc-cd"/>
            <object_component_ref idref="oc-cb"/>
            <object_component_ref idref="oc-d3"/>
            <object_component_ref idref="oc-e4"/>
            <object_component_ref idref="oc-e7"/>
            <object_component_ref idref="oc-db"/>
            <object_component_ref idref="oc-da"/>
            <object_component_ref idref="oc-d8"/>
            <object_component_ref idref="oc-d9"/>
            <object_component_ref idref="oc-d7"/>
         </contents>
      </logical_group>
      <split_section id="lg-27" display="no" color="cyan">
         <name>.text</name>
         <contents>
            <logical_group_ref idref="lg-123"/>
            <logical_group_ref idref="lg-124"/>
         </contents>
      </split_section>
      <logical_group id="lg-28" display="no" color="cyan">
         <name>.cinit</name>
         <load_address>0x50</load_address>
         <run_address>0x50</run_address>
         <size>0x16</size>
         <contents>
            <object_component_ref idref="oc-b1"/>
            <object_component_ref idref="oc-ab"/>
         </contents>
      </logical_group>
      <logical_group id="lg-29" display="no" color="cyan">
         <name>.pinit</name>
         <run_address>0x0</run_address>
         <size>0x0</size>
         <contents>
         </contents>
      </logical_group>
      <logical_group id="lg-2a" display="no" color="cyan">
         <name>.switch</name>
         <run_address>0x0</run_address>
         <size>0x0</size>
         <contents>
         </contents>
      </logical_group>
      <logical_group id="lg-2b" display="no" color="cyan">
         <name>.reset</name>
         <load_address>0x3fffc0</load_address>
         <run_address>0x3fffc0</run_address>
         <size>0x2</size>
         <contents>
            <object_component_ref idref="oc-a6"/>
         </contents>
      </logical_group>
      <logical_group id="lg-2c" display="no" color="cyan">
         <name>.stack</name>
         <run_address>0x400</run_address>
         <size>0x200</size>
         <contents>
            <object_component_ref idref="oc-a5"/>
            <object_component_ref idref="oc-122"/>
         </contents>
      </logical_group>
      <logical_group id="lg-2d" display="no" color="cyan">
         <name>.ebss</name>
         <run_address>0x700</run_address>
         <size>0x15</size>
         <contents>
            <object_component_ref idref="oc-34"/>
            <object_component_ref idref="oc-43"/>
            <object_component_ref idref="oc-ac"/>
            <object_component_ref idref="oc-b2"/>
         </contents>
      </logical_group>
      <logical_group id="lg-2e" display="no" color="cyan">
         <name>.econst</name>
         <load_address>0x600</load_address>
         <run_address>0x600</run_address>
         <size>0x100</size>
         <contents>
            <object_component_ref idref="oc-e8"/>
         </contents>
      </logical_group>
      <logical_group id="lg-2f" display="no" color="cyan">
         <name>.esysmem</name>
         <run_address>0x0</run_address>
         <size>0x0</size>
         <contents>
         </contents>
      </logical_group>
      <logical_group id="lg-30" display="no" color="cyan">
         <name>IQmath</name>
         <run_address>0x0</run_address>
         <size>0x0</size>
         <contents>
         </contents>
      </logical_group>
      <logical_group id="lg-31" display="no" color="cyan">
         <name>IQmathTables</name>
         <run_address>0x0</run_address>
         <size>0x0</size>
         <contents>
         </contents>
      </logical_group>
      <logical_group id="lg-117" display="never" color="cyan">
         <name>.debug_info</name>
         <load_address>0x0</load_address>
         <run_address>0x0</run_address>
         <size>0x113f8</size>
         <contents>
            <object_component_ref idref="oc-33"/>
            <object_component_ref idref="oc-38"/>
            <object_component_ref idref="oc-3d"/>
            <object_component_ref idref="oc-42"/>
            <object_component_ref idref="oc-49"/>
            <object_component_ref idref="oc-4d"/>
            <object_component_ref idref="oc-52"/>
            <object_component_ref idref="oc-57"/>
            <object_component_ref idref="oc-5d"/>
            <object_component_ref idref="oc-62"/>
            <object_component_ref idref="oc-67"/>
            <object_component_ref idref="oc-6c"/>
            <object_component_ref idref="oc-a7"/>
            <object_component_ref idref="oc-aa"/>
            <object_component_ref idref="oc-b0"/>
            <object_component_ref idref="oc-b6"/>
            <object_component_ref idref="oc-125"/>
         </contents>
      </logical_group>
      <logical_group id="lg-119" display="never" color="cyan">
         <name>.debug_frame</name>
         <load_address>0x0</load_address>
         <run_address>0x0</run_address>
         <size>0xe71</size>
         <contents>
            <object_component_ref idref="oc-35"/>
            <object_component_ref idref="oc-39"/>
            <object_component_ref idref="oc-3e"/>
            <object_component_ref idref="oc-44"/>
            <object_component_ref idref="oc-4e"/>
            <object_component_ref idref="oc-53"/>
            <object_component_ref idref="oc-59"/>
            <object_component_ref idref="oc-5e"/>
            <object_component_ref idref="oc-63"/>
            <object_component_ref idref="oc-68"/>
            <object_component_ref idref="oc-a0"/>
            <object_component_ref idref="oc-ad"/>
            <object_component_ref idref="oc-b3"/>
            <object_component_ref idref="oc-b7"/>
         </contents>
      </logical_group>
      <logical_group id="lg-11b" display="never" color="cyan">
         <name>.debug_line</name>
         <load_address>0x0</load_address>
         <run_address>0x0</run_address>
         <size>0x1188</size>
         <contents>
            <object_component_ref idref="oc-36"/>
            <object_component_ref idref="oc-3a"/>
            <object_component_ref idref="oc-3f"/>
            <object_component_ref idref="oc-45"/>
            <object_component_ref idref="oc-4a"/>
            <object_component_ref idref="oc-4f"/>
            <object_component_ref idref="oc-54"/>
            <object_component_ref idref="oc-5a"/>
            <object_component_ref idref="oc-5f"/>
            <object_component_ref idref="oc-64"/>
            <object_component_ref idref="oc-69"/>
            <object_component_ref idref="oc-a1"/>
            <object_component_ref idref="oc-a8"/>
            <object_component_ref idref="oc-ae"/>
            <object_component_ref idref="oc-b4"/>
            <object_component_ref idref="oc-b8"/>
         </contents>
      </logical_group>
      <logical_group id="lg-11d" display="never" color="cyan">
         <name>.debug_abbrev</name>
         <load_address>0x0</load_address>
         <run_address>0x0</run_address>
         <size>0x123d</size>
         <contents>
            <object_component_ref idref="oc-37"/>
            <object_component_ref idref="oc-3b"/>
            <object_component_ref idref="oc-40"/>
            <object_component_ref idref="oc-46"/>
            <object_component_ref idref="oc-4b"/>
            <object_component_ref idref="oc-50"/>
            <object_component_ref idref="oc-55"/>
            <object_component_ref idref="oc-5b"/>
            <object_component_ref idref="oc-60"/>
            <object_component_ref idref="oc-65"/>
            <object_component_ref idref="oc-6a"/>
            <object_component_ref idref="oc-a2"/>
            <object_component_ref idref="oc-a9"/>
            <object_component_ref idref="oc-af"/>
            <object_component_ref idref="oc-b5"/>
            <object_component_ref idref="oc-b9"/>
            <object_component_ref idref="oc-126"/>
         </contents>
      </logical_group>
      <logical_group id="lg-11f" display="never" color="cyan">
         <name>.debug_aranges</name>
         <load_address>0x0</load_address>
         <run_address>0x0</run_address>
         <size>0x408</size>
         <contents>
            <object_component_ref idref="oc-3c"/>
            <object_component_ref idref="oc-41"/>
            <object_component_ref idref="oc-47"/>
            <object_component_ref idref="oc-4c"/>
            <object_component_ref idref="oc-51"/>
            <object_component_ref idref="oc-56"/>
            <object_component_ref idref="oc-5c"/>
            <object_component_ref idref="oc-61"/>
            <object_component_ref idref="oc-66"/>
            <object_component_ref idref="oc-6b"/>
            <object_component_ref idref="oc-a3"/>
         </contents>
      </logical_group>
   </logical_group_list>
   <placement_map>
      <memory_area display="no" color="green">
         <name>BEGIN</name>
         <page_id>0x0</page_id>
         <origin>0x0</origin>
         <length>0x2</length>
         <used_space>0x2</used_space>
         <unused_space>0x0</unused_space>
         <attributes>RWIX</attributes>
         <usage_details>
            <allocated_space>
               <start_address>0x0</start_address>
               <size>0x2</size>
               <logical_group_ref idref="lg-25"/>
            </allocated_space>
         </usage_details>
      </memory_area>
      <memory_area display="yes" color="green">
         <name>RAMM0</name>
         <page_id>0x0</page_id>
         <origin>0x50</origin>
         <length>0x3b0</length>
         <used_space>0x3b0</used_space>
         <unused_space>0x0</unused_space>
         <attributes>RWIX</attributes>
         <usage_details>
            <allocated_space>
               <start_address>0x50</start_address>
               <size>0x16</size>
               <logical_group_ref idref="lg-28"/>
            </allocated_space>
            <allocated_space>
               <start_address>0x66</start_address>
               <size>0x39a</size>
               <logical_group_ref idref="lg-123"/>
            </allocated_space>
         </usage_details>
      </memory_area>
      <memory_area display="yes" color="green">
         <name>RAML0</name>
         <page_id>0x0</page_id>
         <origin>0x8000</origin>
         <length>0x800</length>
         <used_space>0xec</used_space>
         <unused_space>0x714</unused_space>
         <attributes>RWIX</attributes>
         <usage_details>
            <allocated_space>
               <start_address>0x8000</start_address>
               <size>0xec</size>
               <logical_group_ref idref="lg-124"/>
            </allocated_space>
            <available_space>
               <start_address>0x80ec</start_address>
               <size>0x714</size>
            </available_space>
         </usage_details>
      </memory_area>
      <memory_area display="yes" color="green">
         <name>IQTABLES</name>
         <page_id>0x0</page_id>
         <origin>0x3fe000</origin>
         <length>0xb50</length>
         <used_space>0x0</used_space>
         <unused_space>0xb50</unused_space>
         <attributes>RWIX</attributes>
         <usage_details>
         </usage_details>
      </memory_area>
      <memory_area display="yes" color="green">
         <name>IQTABLES2</name>
         <page_id>0x0</page_id>
         <origin>0x3feb50</origin>
         <length>0x8c</length>
         <used_space>0x0</used_space>
         <unused_space>0x8c</unused_space>
         <attributes>RWIX</attributes>
         <usage_details>
         </usage_details>
      </memory_area>
      <memory_area display="yes" color="green">
         <name>IQTABLES3</name>
         <page_id>0x0</page_id>
         <origin>0x3febdc</origin>
         <length>0xaa</length>
         <used_space>0x0</used_space>
         <unused_space>0xaa</unused_space>
         <attributes>RWIX</attributes>
         <usage_details>
         </usage_details>
      </memory_area>
      <memory_area display="yes" color="green">
         <name>BOOTROM</name>
         <page_id>0x0</page_id>
         <origin>0x3ff27c</origin>
         <length>0xd44</length>
         <used_space>0x0</used_space>
         <unused_space>0xd44</unused_space>
         <attributes>RWIX</attributes>
         <usage_details>
         </usage_details>
      </memory_area>
      <memory_area display="no" color="green">
         <name>RESET</name>
         <page_id>0x0</page_id>
         <origin>0x3fffc0</origin>
         <length>0x2</length>
         <used_space>0x0</used_space>
         <unused_space>0x2</unused_space>
         <attributes>RWIX</attributes>
         <usage_details>
         </usage_details>
      </memory_area>
      <memory_area display="no" color="green">
         <name>BOOT_RSVD</name>
         <page_id>0x1</page_id>
         <origin>0x2</origin>
         <length>0x4e</length>
[...]
      </symbol>
      <symbol id="sm-a">
         <name>___text__</name>
         <value>0xffffffff</value>
      </symbol>
      <symbol id="sm-b">
         <name>etext</name>
         <value>0xffffffff</value>
      </symbol>
      <symbol id="sm-c">
         <name>___etext__</name>
         <value>0xffffffff</value>
      </symbol>
      <symbol id="sm-88">
         <name>_main</name>
         <value>0x7a</value>
         <object_component_ref idref="oc-bd"/>
      </symbol>
      <symbol id="sm-89">
         <name>_spi_fifo_init</name>
         <value>0x1a2</value>
         <object_component_ref idref="oc-bd"/>
      </symbol>
      <symbol id="sm-8a">
         <name>_mySpi</name>
         <value>0x700</value>
         <object_component_ref idref="oc-34"/>
      </symbol>
      <symbol id="sm-8b">
         <name>_myPie</name>
         <value>0x706</value>
         <object_component_ref idref="oc-34"/>
      </symbol>
      <symbol id="sm-8c">
         <name>_error</name>
         <value>0x173</value>
         <object_component_ref idref="oc-bd"/>
      </symbol>
      <symbol id="sm-8d">
         <name>_spi_init</name>
         <value>0x175</value>
         <object_component_ref idref="oc-bd"/>
      </symbol>
      <symbol id="sm-8e">
         <name>_myAdc</name>
         <value>0x70a</value>
         <object_component_ref idref="oc-34"/>
      </symbol>
      <symbol id="sm-8f">
         <name>_myGpio</name>
         <value>0x704</value>
         <object_component_ref idref="oc-34"/>
      </symbol>
      <symbol id="sm-90">
         <name>_myClk</name>
         <value>0x708</value>
         <object_component_ref idref="oc-34"/>
      </symbol>
      <symbol id="sm-91">
         <name>_myFlash</name>
         <value>0x702</value>
         <object_component_ref idref="oc-34"/>
      </symbol>
      <symbol id="sm-92">
         <name>_delay_loop</name>
         <value>0x163</value>
         <object_component_ref idref="oc-bd"/>
      </symbol>
      <symbol id="sm-a0">
         <name>_ADC_init</name>
         <value>0x30c</value>
         <object_component_ref idref="oc-be"/>
      </symbol>
      <symbol id="sm-b4">
         <name>_CLK_enableSpiaClock</name>
         <value>0x384</value>
         <object_component_ref idref="oc-d5"/>
      </symbol>
      <symbol id="sm-b5">
         <name>_CLK_enableAdcClock</name>
         <value>0x37d</value>
         <object_component_ref idref="oc-c8"/>
      </symbol>
      <symbol id="sm-b6">
         <name>_CLK_setOscSrc</name>
         <value>0x38b</value>
         <object_component_ref idref="oc-c9"/>
      </symbol>
      <symbol id="sm-b7">
         <name>_CLK_init</name>
         <value>0x33d</value>
         <object_component_ref idref="oc-bf"/>
      </symbol>
      <symbol id="sm-ca">
         <name>_CPU_disableGlobalInts</name>
         <value>0x80d0</value>
         <object_component_ref idref="oc-cd"/>
      </symbol>
      <symbol id="sm-cb">
         <name>_CPU_clearIntFlags</name>
         <value>0x3fd</value>
         <object_component_ref idref="oc-ce"/>
      </symbol>
      <symbol id="sm-cc">
         <name>_CPU_init</name>
         <value>0x80b4</value>
         <object_component_ref idref="oc-c0"/>
      </symbol>
      <symbol id="sm-cd">
         <name>_cpu</name>
         <value>0x714</value>
         <object_component_ref idref="oc-43"/>
      </symbol>
      <symbol id="sm-dc">
         <name>code_start</name>
         <value>0x0</value>
         <object_component_ref idref="oc-32"/>
      </symbol>
      <symbol id="sm-ea">
         <name>_FLASH_init</name>
         <value>0x345</value>
         <object_component_ref idref="oc-c1"/>
      </symbol>
      <symbol id="sm-106">
         <name>_GPIO_setQualification</name>
         <value>0x27c</value>
         <object_component_ref idref="oc-d0"/>
      </symbol>
      <symbol id="sm-107">
         <name>_GPIO_setMode</name>
         <value>0x1c7</value>
         <object_component_ref idref="oc-d1"/>
      </symbol>
      <symbol id="sm-108">
         <name>_GPIO_init</name>
         <value>0x34d</value>
         <object_component_ref idref="oc-c2"/>
      </symbol>
      <symbol id="sm-109">
         <name>_GPIO_setPullUp</name>
         <value>0x253</value>
         <object_component_ref idref="oc-cf"/>
      </symbol>
      <symbol id="sm-128">
         <name>_PIE_enable</name>
         <value>0x80d6</value>
         <object_component_ref idref="oc-d3"/>
      </symbol>
      <symbol id="sm-129">
         <name>_PIE_disableAllInts</name>
         <value>0x2ea</value>
         <object_component_ref idref="oc-cc"/>
      </symbol>
      <symbol id="sm-12a">
         <name>_PIE_disable</name>
         <value>0x80d3</value>
         <object_component_ref idref="oc-cb"/>
      </symbol>
      <symbol id="sm-12b">
         <name>_PIE_illegalIsr</name>
         <value>0x803c</value>
         <object_component_ref idref="oc-58"/>
      </symbol>
      <symbol id="sm-12c">
         <name>_PIE_init</name>
         <value>0x316</value>
         <object_component_ref idref="oc-c3"/>
      </symbol>
      <symbol id="sm-12d">
         <name>_PIE_setDebugIntVectorTable</name>
         <value>0x2fb</value>
         <object_component_ref idref="oc-d2"/>
      </symbol>
      <symbol id="sm-12e">
         <name>_PIE_tableDebugInit</name>
         <value>0x600</value>
         <object_component_ref idref="oc-e8"/>
      </symbol>
      <symbol id="sm-148">
         <name>_PLL_getClkStatus</name>
         <value>0x80d9</value>
         <object_component_ref idref="oc-e4"/>
      </symbol>
      <symbol id="sm-149">
         <name>_PLL_setDivider</name>
         <value>0x392</value>
         <object_component_ref idref="oc-e5"/>
      </symbol>
      <symbol id="sm-14a">
         <name>_PLL_init</name>
         <value>0x355</value>
         <object_component_ref idref="oc-c4"/>
      </symbol>
      <symbol id="sm-14b">
         <name>_PLL_getLockStatus</name>
         <value>0x80dc</value>
         <object_component_ref idref="oc-e7"/>
      </symbol>
      <symbol id="sm-14c">
         <name>_PLL_setup</name>
         <value>0x2d5</value>
         <object_component_ref idref="oc-ca"/>
      </symbol>
      <symbol id="sm-14d">
         <name>_PLL_setMultiplier</name>
         <value>0x3a7</value>
         <object_component_ref idref="oc-e6"/>
      </symbol>
      <symbol id="sm-179">
         <name>_SPI_enableChannels</name>
         <value>0x80c0</value>
         <object_component_ref idref="oc-dd"/>
      </symbol>
      <symbol id="sm-17a">
         <name>_SPI_enable</name>
         <value>0x80df</value>
         <object_component_ref idref="oc-db"/>
      </symbol>
      <symbol id="sm-17b">
         <name>_SPI_resetTxFifo</name>
         <value>0x32a</value>
         <object_component_ref idref="oc-df"/>
      </symbol>
      <symbol id="sm-17c">
         <name>_SPI_resetRxFifo</name>
         <value>0x320</value>
         <object_component_ref idref="oc-e1"/>
      </symbol>
      <symbol id="sm-17d">
         <name>_SPI_getRxFifoStatus</name>
         <value>0x80c8</value>
         <object_component_ref idref="oc-d4"/>
      </symbol>
      <symbol id="sm-17e">
         <name>_SPI_setPriority</name>
         <value>0x399</value>
         <object_component_ref idref="oc-dc"/>
      </symbol>
      <symbol id="sm-17f">
         <name>_SPI_setCharLength</name>
         <value>0x80cc</value>
         <object_component_ref idref="oc-d6"/>
      </symbol>
      <symbol id="sm-180">
         <name>_SPI_init</name>
         <value>0x35d</value>
         <object_component_ref idref="oc-c5"/>
      </symbol>
      <symbol id="sm-181">
         <name>_SPI_clearRxFifoInt</name>
         <value>0x80b8</value>
         <object_component_ref idref="oc-e2"/>
      </symbol>
      <symbol id="sm-182">
         <name>_SPI_setRxFifoIntLevel</name>
         <value>0x3a0</value>
         <object_component_ref idref="oc-e3"/>
      </symbol>
      <symbol id="sm-183">
         <name>_SPI_setMode</name>
         <value>0x80ea</value>
         <object_component_ref idref="oc-d7"/>
      </symbol>
      <symbol id="sm-184">
         <name>_SPI_setBaudRate</name>
         <value>0x80e8</value>
         <object_component_ref idref="oc-d9"/>
      </symbol>
      <symbol id="sm-185">
         <name>_SPI_enableFifoEnh</name>
         <value>0x80c4</value>
         <object_component_ref idref="oc-de"/>
      </symbol>
      <symbol id="sm-186">
         <name>_SPI_enableTx</name>
         <value>0x80e5</value>
         <object_component_ref idref="oc-d8"/>
      </symbol>
      <symbol id="sm-187">
         <name>_SPI_enableLoopBack</name>
         <value>0x80e2</value>
         <object_component_ref idref="oc-da"/>
      </symbol>
      <symbol id="sm-188">
         <name>_SPI_clearTxFifoInt</name>
         <value>0x80bc</value>
         <object_component_ref idref="oc-e0"/>
      </symbol>
      <symbol id="sm-198">
         <name>_WDOG_init</name>
         <value>0x36d</value>
         <object_component_ref idref="oc-c6"/>
      </symbol>
      <symbol id="sm-199">
         <name>_WDOG_disable</name>
         <value>0x365</value>
         <object_component_ref idref="oc-c7"/>
      </symbol>
      <symbol id="sm-23b">
         <name>_ILLEGAL_ISR</name>
         <value>0x8023</value>
         <object_component_ref idref="oc-73"/>
      </symbol>
      <symbol id="sm-23c">
         <name>_ADCINT4_ISR</name>
         <value>0x3bc</value>
         <object_component_ref idref="oc-97"/>
      </symbol>
      <symbol id="sm-23d">
         <name>_DATALOG_ISR</name>
         <value>0x3da</value>
         <object_component_ref idref="oc-6f"/>
      </symbol>
      <symbol id="sm-23e">
         <name>_SPITXINTA_ISR</name>
         <value>0x8055</value>
         <object_component_ref idref="oc-91"/>
      </symbol>
      <symbol id="sm-23f">
         <name>_SPIRXINTA_ISR</name>
         <value>0x8050</value>
         <object_component_ref idref="oc-90"/>
      </symbol>
      <symbol id="sm-240">
         <name>_INT13_ISR</name>
         <value>0x8028</value>
         <object_component_ref idref="oc-6d"/>
      </symbol>
      <symbol id="sm-241">
         <name>_ADCINT5_ISR</name>
         <value>0x3c1</value>
         <object_component_ref idref="oc-98"/>
      </symbol>
      <symbol id="sm-242">
         <name>_EPWM4_INT_ISR</name>
         <value>0x800f</value>
         <object_component_ref idref="oc-8e"/>
      </symbol>
      <symbol id="sm-243">
         <name>_USER5_ISR</name>
         <value>0x8082</value>
         <object_component_ref idref="oc-78"/>
      </symbol>
      <symbol id="sm-244">
         <name>_EMPTY_ISR</name>
         <value>0x3e4</value>
         <object_component_ref idref="oc-9d"/>
      </symbol>
      <symbol id="sm-245">
         <name>_EPWM4_TZINT_ISR</name>
         <value>0x8014</value>
         <object_component_ref idref="oc-8a"/>
      </symbol>
      <symbol id="sm-246">
         <name>_EMUINT_ISR</name>
         <value>0x3e9</value>
         <object_component_ref idref="oc-71"/>
      </symbol>
      <symbol id="sm-247">
         <name>_ECAP1_INT_ISR</name>
         <value>0x3df</value>
         <object_component_ref idref="oc-8f"/>
      </symbol>
      <symbol id="sm-248">
         <name>_EPWM1_TZINT_ISR</name>
         <value>0x3f3</value>
         <object_component_ref idref="oc-87"/>
      </symbol>
      <symbol id="sm-249">
         <name>_ADCINT6_ISR</name>
         <value>0x3c6</value>
         <object_component_ref idref="oc-99"/>
      </symbol>
      <symbol id="sm-24a">
         <name>_ADCINT8_ISR</name>
         <value>0x3d0</value>
         <object_component_ref idref="oc-9b"/>
      </symbol>
      <symbol id="sm-24b">
         <name>_USER11_ISR</name>
         <value>0x8064</value>
         <object_component_ref idref="oc-7e"/>
      </symbol>
      <symbol id="sm-24c">
         <name>_EPWM3_TZINT_ISR</name>
         <value>0x800a</value>
         <object_component_ref idref="oc-89"/>
      </symbol>
      <symbol id="sm-24d">
         <name>_USER4_ISR</name>
         <value>0x807d</value>
         <object_component_ref idref="oc-77"/>
      </symbol>
      <symbol id="sm-24e">
         <name>_EPWM2_TZINT_ISR</name>
         <value>0x8000</value>
         <object_component_ref idref="oc-88"/>
      </symbol>
      <symbol id="sm-24f">
         <name>_EPWM2_INT_ISR</name>
         <value>0x3f8</value>
         <object_component_ref idref="oc-8c"/>
      </symbol>
      <symbol id="sm-250">
         <name>_TINT0_ISR</name>
         <value>0x805a</value>
         <object_component_ref idref="oc-85"/>
      </symbol>
      <symbol id="sm-251">
         <name>_WAKEINT_ISR</name>
         <value>0x809b</value>
         <object_component_ref idref="oc-86"/>
      </symbol>
      <symbol id="sm-252">
         <name>_ADCINT7_ISR</name>
         <value>0x3cb</value>
         <object_component_ref idref="oc-9a"/>
      </symbol>
      <symbol id="sm-253">
         <name>_ADCINT9_ISR</name>
         <value>0x3d5</value>
         <object_component_ref idref="oc-84"/>
      </symbol>
      <symbol id="sm-254">
         <name>_USER10_ISR</name>
         <value>0x805f</value>
         <object_component_ref idref="oc-7d"/>
      </symbol>
      <symbol id="sm-255">
         <name>_USER7_ISR</name>
         <value>0x808c</value>
         <object_component_ref idref="oc-7a"/>
      </symbol>
      <symbol id="sm-256">
         <name>_XINT1_ISR</name>
         <value>0x80a0</value>
         <object_component_ref idref="oc-82"/>
      </symbol>
      <symbol id="sm-257">
         <name>_INT14_ISR</name>
         <value>0x802d</value>
         <object_component_ref idref="oc-6e"/>
      </symbol>
      <symbol id="sm-258">
         <name>_USER6_ISR</name>
         <value>0x8087</value>
         <object_component_ref idref="oc-79"/>
      </symbol>
      <symbol id="sm-259">
         <name>_ADCINT1_ISR</name>
         <value>0x3ad</value>
         <object_component_ref idref="oc-80"/>
      </symbol>
      <symbol id="sm-25a">
         <name>_USER12_ISR</name>
         <value>0x8069</value>
         <object_component_ref idref="oc-7f"/>
      </symbol>
      <symbol id="sm-25b">
         <name>_USER1_ISR</name>
         <value>0x806e</value>
         <object_component_ref idref="oc-74"/>
      </symbol>
      <symbol id="sm-25c">
         <name>_XINT3_ISR</name>
         <value>0x80aa</value>
         <object_component_ref idref="oc-9c"/>
      </symbol>
      <symbol id="sm-25d">
         <name>_NMI_ISR</name>
         <value>0x8032</value>
         <object_component_ref idref="oc-72"/>
      </symbol>
      <symbol id="sm-25e">
         <name>_ADCINT2_ISR</name>
         <value>0x3b2</value>
         <object_component_ref idref="oc-81"/>
      </symbol>
      <symbol id="sm-25f">
         <name>_PIE_RESERVED</name>
         <value>0x8037</value>
         <object_component_ref idref="oc-9e"/>
      </symbol>
      <symbol id="sm-260">
         <name>_I2CINT1A_ISR</name>
         <value>0x8019</value>
         <object_component_ref idref="oc-92"/>
      </symbol>
      <symbol id="sm-261">
         <name>_XINT2_ISR</name>
         <value>0x80a5</value>
         <object_component_ref idref="oc-83"/>
      </symbol>
      <symbol id="sm-262">
         <name>_I2CINT2A_ISR</name>
         <value>0x801e</value>
         <object_component_ref idref="oc-93"/>
      </symbol>
      <symbol id="sm-263">
         <name>_RTOSINT_ISR</name>
         <value>0x8041</value>
         <object_component_ref idref="oc-70"/>
      </symbol>
      <symbol id="sm-264">
         <name>_EPWM3_INT_ISR</name>
         <value>0x8005</value>
         <object_component_ref idref="oc-8d"/>
      </symbol>
      <symbol id="sm-265">
         <name>_ADCINT3_ISR</name>
         <value>0x3b7</value>
         <object_component_ref idref="oc-96"/>
      </symbol>
      <symbol id="sm-266">
         <name>_USER9_ISR</name>
         <value>0x8096</value>
         <object_component_ref idref="oc-7c"/>
      </symbol>
      <symbol id="sm-267">
         <name>_USER3_ISR</name>
         <value>0x8078</value>
         <object_component_ref idref="oc-76"/>
      </symbol>
      <symbol id="sm-268">
         <name>_USER8_ISR</name>
         <value>0x8091</value>
         <object_component_ref idref="oc-7b"/>
      </symbol>
      <symbol id="sm-269">
         <name>_EPWM1_INT_ISR</name>
         <value>0x3ee</value>
         <object_component_ref idref="oc-8b"/>
      </symbol>
      <symbol id="sm-26a">
         <name>_USER2_ISR</name>
         <value>0x8073</value>
         <object_component_ref idref="oc-75"/>
      </symbol>
      <symbol id="sm-26b">
         <name>_SCITXINTA_ISR</name>
         <value>0x804b</value>
         <object_component_ref idref="oc-95"/>
      </symbol>
      <symbol id="sm-26c">
         <name>_SCIRXINTA_ISR</name>
         <value>0x8046</value>
         <object_component_ref idref="oc-94"/>
      </symbol>
      <symbol id="sm-26d">
         <name>_rsvd_ISR</name>
         <value>0x80af</value>
         <object_component_ref idref="oc-9f"/>
      </symbol>
      <symbol id="sm-281">
         <name>_c_int00</name>
         <value>0x20f</value>
         <object_component_ref idref="oc-a4"/>
      </symbol>
      <symbol id="sm-282">
         <name>__stack</name>
         <value>0x400</value>
         <object_component_ref idref="oc-a5"/>
      </symbol>
      <symbol id="sm-293">
         <name>C$$EXIT</name>
         <value>0x2bc</value>
         <object_component_ref idref="oc-bb"/>
      </symbol>
      <symbol id="sm-294">
         <name>_exit</name>
         <value>0x2be</value>
         <object_component_ref idref="oc-bb"/>
      </symbol>
      <symbol id="sm-295">
         <name>___TI_cleanup_ptr</name>
         <value>0x710</value>
         <object_component_ref idref="oc-ac"/>
      </symbol>
      <symbol id="sm-296">
         <name>_abort</name>
         <value>0x2bc</value>
         <object_component_ref idref="oc-bb"/>
      </symbol>
      <symbol id="sm-297">
         <name>___TI_dtors_ptr</name>
         <value>0x712</value>
         <object_component_ref idref="oc-ac"/>
      </symbol>
      <symbol id="sm-2a5">
         <name>__unlock</name>
         <value>0x70c</value>
         <object_component_ref idref="oc-b2"/>
      </symbol>
      <symbol id="sm-2a6">
         <name>__lock</name>
         <value>0x70e</value>
         <object_component_ref idref="oc-b2"/>
      </symbol>
      <symbol id="sm-2a7">
         <name>__register_lock</name>
         <value>0x338</value>
         <object_component_ref idref="oc-bc"/>
      </symbol>
      <symbol id="sm-2a8">
         <name>__nop</name>
         <value>0x33c</value>
         <object_component_ref idref="oc-bc"/>
      </symbol>
      <symbol id="sm-2a9">
         <name>__register_unlock</name>
         <value>0x334</value>
         <object_component_ref idref="oc-bc"/>
      </symbol>
      <symbol id="sm-2b5">
         <name>__args_main</name>
         <value>0x2a3</value>
         <object_component_ref idref="oc-ba"/>
      </symbol>
      <symbol id="sm-2b6">
         <name>__TI_args_main</name>
         <value>0x1</value>
      </symbol>
   </symbol_table>
   <title>Link successful</title>
</link_info>
